Archive member included because of file (symbol)

C:/cygwin/GNUARM-4.1.0/arm-elf/lib/libc.a(memcpy.o)
                              Lcd_480x272.o (memcpy)
C:/cygwin/GNUARM-4.1.0/arm-elf/lib/libc.a(rand.o)
                              Main.o (srand)
C:/cygwin/GNUARM-4.1.0/arm-elf/lib/libc.a(vsprintf.o)
                              Uart.o (vsprintf)
C:/cygwin/GNUARM-4.1.0/arm-elf/lib/libc.a(impure.o)
                              C:/cygwin/GNUARM-4.1.0/arm-elf/lib/libc.a(rand.o) (_impure_ptr)
C:/cygwin/GNUARM-4.1.0/arm-elf/lib/libc.a(vfprintf.o)
                              C:/cygwin/GNUARM-4.1.0/arm-elf/lib/libc.a(vsprintf.o) (_vfprintf_r)
C:/cygwin/GNUARM-4.1.0/arm-elf/lib/libc.a(wcrtomb.o)
                              C:/cygwin/GNUARM-4.1.0/arm-elf/lib/libc.a(vfprintf.o) (_wcrtomb_r)
C:/cygwin/GNUARM-4.1.0/arm-elf/lib/libc.a(wcsrtombs.o)
                              C:/cygwin/GNUARM-4.1.0/arm-elf/lib/libc.a(vfprintf.o) (_wcsrtombs_r)
C:/cygwin/GNUARM-4.1.0/arm-elf/lib/libc.a(wctomb_r.o)
                              C:/cygwin/GNUARM-4.1.0/arm-elf/lib/libc.a(wcrtomb.o) (_wctomb_r)
C:/cygwin/GNUARM-4.1.0/arm-elf/lib/libc.a(wsetup.o)
                              C:/cygwin/GNUARM-4.1.0/arm-elf/lib/libc.a(vfprintf.o) (__swsetup)
C:/cygwin/GNUARM-4.1.0/arm-elf/lib/libc.a(dtoa.o)
                              C:/cygwin/GNUARM-4.1.0/arm-elf/lib/libc.a(vfprintf.o) (_dtoa_r)
C:/cygwin/GNUARM-4.1.0/arm-elf/lib/libc.a(fflush.o)
                              C:/cygwin/GNUARM-4.1.0/arm-elf/lib/libc.a(vfprintf.o) (fflush)
C:/cygwin/GNUARM-4.1.0/arm-elf/lib/libc.a(findfp.o)
                              C:/cygwin/GNUARM-4.1.0/arm-elf/lib/libc.a(vfprintf.o) (__sinit)
C:/cygwin/GNUARM-4.1.0/arm-elf/lib/libc.a(freer.o)
                              C:/cygwin/GNUARM-4.1.0/arm-elf/lib/libc.a(vfprintf.o) (_free_r)
C:/cygwin/GNUARM-4.1.0/arm-elf/lib/libc.a(fvwrite.o)
                              C:/cygwin/GNUARM-4.1.0/arm-elf/lib/libc.a(vfprintf.o) (__sfvwrite)
C:/cygwin/GNUARM-4.1.0/arm-elf/lib/libc.a(fwalk.o)
                              C:/cygwin/GNUARM-4.1.0/arm-elf/lib/libc.a(fflush.o) (_fwalk)
C:/cygwin/GNUARM-4.1.0/arm-elf/lib/libc.a(locale.o)
                              C:/cygwin/GNUARM-4.1.0/arm-elf/lib/libc.a(vfprintf.o) (localeconv)
C:/cygwin/GNUARM-4.1.0/arm-elf/lib/libc.a(makebuf.o)
                              C:/cygwin/GNUARM-4.1.0/arm-elf/lib/libc.a(wsetup.o) (__smakebuf)
C:/cygwin/GNUARM-4.1.0/arm-elf/lib/libc.a(mallocr.o)
                              C:/cygwin/GNUARM-4.1.0/arm-elf/lib/libc.a(vfprintf.o) (_malloc_r)
C:/cygwin/GNUARM-4.1.0/arm-elf/lib/libc.a(memchr.o)
                              C:/cygwin/GNUARM-4.1.0/arm-elf/lib/libc.a(vfprintf.o) (memchr)
C:/cygwin/GNUARM-4.1.0/arm-elf/lib/libc.a(memmove.o)
                              C:/cygwin/GNUARM-4.1.0/arm-elf/lib/libc.a(fvwrite.o) (memmove)
C:/cygwin/GNUARM-4.1.0/arm-elf/lib/libc.a(memset.o)
                              C:/cygwin/GNUARM-4.1.0/arm-elf/lib/libc.a(vfprintf.o) (memset)
C:/cygwin/GNUARM-4.1.0/arm-elf/lib/libc.a(mlock.o)
                              C:/cygwin/GNUARM-4.1.0/arm-elf/lib/libc.a(freer.o) (__malloc_lock)
C:/cygwin/GNUARM-4.1.0/arm-elf/lib/libc.a(mprec.o)
                              C:/cygwin/GNUARM-4.1.0/arm-elf/lib/libc.a(dtoa.o) (_Bfree)
C:/cygwin/GNUARM-4.1.0/arm-elf/lib/libc.a(reallocr.o)
                              C:/cygwin/GNUARM-4.1.0/arm-elf/lib/libc.a(fvwrite.o) (_realloc_r)
C:/cygwin/GNUARM-4.1.0/arm-elf/lib/libc.a(s_isinf.o)
                              C:/cygwin/GNUARM-4.1.0/arm-elf/lib/libc.a(vfprintf.o) (isinf)
C:/cygwin/GNUARM-4.1.0/arm-elf/lib/libc.a(s_isnan.o)
                              C:/cygwin/GNUARM-4.1.0/arm-elf/lib/libc.a(vfprintf.o) (isnan)
C:/cygwin/GNUARM-4.1.0/arm-elf/lib/libc.a(sbrkr.o)
                              C:/cygwin/GNUARM-4.1.0/arm-elf/lib/libc.a(freer.o) (_sbrk_r)
C:/cygwin/GNUARM-4.1.0/arm-elf/lib/libc.a(stdio.o)
                              C:/cygwin/GNUARM-4.1.0/arm-elf/lib/libc.a(findfp.o) (__sclose)
C:/cygwin/GNUARM-4.1.0/arm-elf/lib/libc.a(strcmp.o)
                              C:/cygwin/GNUARM-4.1.0/arm-elf/lib/libc.a(wctomb_r.o) (strcmp)
C:/cygwin/GNUARM-4.1.0/arm-elf/lib/libc.a(strlen.o)
                              C:/cygwin/GNUARM-4.1.0/arm-elf/lib/libc.a(vfprintf.o) (strlen)
C:/cygwin/GNUARM-4.1.0/arm-elf/lib/libc.a(syscalls.o)
                              C:/cygwin/GNUARM-4.1.0/arm-elf/lib/libc.a(makebuf.o) (isatty)
C:/cygwin/GNUARM-4.1.0/arm-elf/lib/libc.a(writer.o)
                              C:/cygwin/GNUARM-4.1.0/arm-elf/lib/libc.a(stdio.o) (_write_r)
C:/cygwin/GNUARM-4.1.0/arm-elf/lib/libc.a(callocr.o)
                              C:/cygwin/GNUARM-4.1.0/arm-elf/lib/libc.a(mprec.o) (_calloc_r)
C:/cygwin/GNUARM-4.1.0/arm-elf/lib/libc.a(closer.o)
                              C:/cygwin/GNUARM-4.1.0/arm-elf/lib/libc.a(stdio.o) (_close_r)
C:/cygwin/GNUARM-4.1.0/arm-elf/lib/libc.a(errno.o)
                              C:/cygwin/GNUARM-4.1.0/arm-elf/lib/libc.a(syscalls.o) (__errno)
C:/cygwin/GNUARM-4.1.0/arm-elf/lib/libc.a(fclose.o)
                              C:/cygwin/GNUARM-4.1.0/arm-elf/lib/libc.a(findfp.o) (fclose)
C:/cygwin/GNUARM-4.1.0/arm-elf/lib/libc.a(fstatr.o)
                              C:/cygwin/GNUARM-4.1.0/arm-elf/lib/libc.a(makebuf.o) (_fstat_r)
C:/cygwin/GNUARM-4.1.0/arm-elf/lib/libc.a(lseekr.o)
                              C:/cygwin/GNUARM-4.1.0/arm-elf/lib/libc.a(stdio.o) (_lseek_r)
C:/cygwin/GNUARM-4.1.0/arm-elf/lib/libc.a(readr.o)
                              C:/cygwin/GNUARM-4.1.0/arm-elf/lib/libc.a(stdio.o) (_read_r)
C:/cygwin/GNUARM-4.1.0/arm-elf/lib/libc.a(reent.o)
                              C:/cygwin/GNUARM-4.1.0/arm-elf/lib/libc.a(sbrkr.o) (errno)
C:/cygwin/GNUARM-4.1.0/lib/gcc/arm-elf/4.1.0/libgcc.a(_udivsi3.o)
                              Lcd.o (__udivsi3)
C:/cygwin/GNUARM-4.1.0/lib/gcc/arm-elf/4.1.0/libgcc.a(_divsi3.o)
                              touch.o (__divsi3)
C:/cygwin/GNUARM-4.1.0/lib/gcc/arm-elf/4.1.0/libgcc.a(_dvmd_tls.o)
                              C:/cygwin/GNUARM-4.1.0/lib/gcc/arm-elf/4.1.0/libgcc.a(_udivsi3.o) (__div0)
C:/cygwin/GNUARM-4.1.0/lib/gcc/arm-elf/4.1.0/libgcc.a(_addsubdf3.o)
                              C:/cygwin/GNUARM-4.1.0/arm-elf/lib/libc.a(dtoa.o) (__subdf3)
C:/cygwin/GNUARM-4.1.0/lib/gcc/arm-elf/4.1.0/libgcc.a(_muldivdf3.o)
                              buzzer.o (__muldf3)
C:/cygwin/GNUARM-4.1.0/lib/gcc/arm-elf/4.1.0/libgcc.a(_cmpdf2.o)
                              C:/cygwin/GNUARM-4.1.0/arm-elf/lib/libc.a(dtoa.o) (__gtdf2)
C:/cygwin/GNUARM-4.1.0/lib/gcc/arm-elf/4.1.0/libgcc.a(_fixdfsi.o)
                              C:/cygwin/GNUARM-4.1.0/arm-elf/lib/libc.a(dtoa.o) (__fixdfsi)
C:/cygwin/GNUARM-4.1.0/lib/gcc/arm-elf/4.1.0/libgcc.a(_fixunsdfsi.o)
                              Uart.o (__fixunsdfsi)

Allocating common symbols
Common symbol       size              file

errno               0x4               C:/cygwin/GNUARM-4.1.0/arm-elf/lib/libc.a(reent.o)

Memory Configuration

Name             Origin             Length             Attributes
CODE             0x30000000         0x04000000         rw
_ISR_START       0x33ffff00         0x00000100         rw
*default*        0x00000000         0xffffffff

Linker script and memory map


.text           0x30000000     0xcdb4
 *s3c2450_startup.o(.text)
 .text          0x30000000      0x2e0 s3c2450_startup.o
                0x300000b0                ResetHandler
                0x300001c0                IsrIRQ
                0x30000000                _start
 *(.text)
 .text          0x300002e0      0x378 MMUc.o
                0x300004dc                MMU_SetMTT
                0x30000590                ChangeRomCacheStatus
                0x300002e0                MMU_Init
 .text          0x30000658      0x244 Uart.o
                0x30000760                Uart_Printf
                0x300007f0                Uart_Send_Byte
                0x30000860                Uart_Get_Char
                0x300007a4                Uart_Send_String
                0x30000658                Uart_Init
 .text          0x3000089c      0x2d0 Key.o
                0x30000a04                Init_Led
                0x30000b14                Timer_Delay
                0x30000ab0                Led_Off
                0x30000a48                Led_On
                0x300009ac                Init_Key
                0x3000089c                Wait_KeyPressed
 .text          0x30000b6c     0x21dc Lcd_480x272.o
                0x30000bcc                Lcd_Power_Enable
                0x30000f70                Lcd_Clr_Screen
                0x30000bec                Graphic_Init
                0x30000d44                Lcd_Set_Address
                0x3000181c                Lcd_Han_Putch
                0x30000e8c                Lcd_Display_Frame_Buffer
                0x30002b70                Lcd_Puts
                0x30000dac                Lcd_Copy
                0x30000ec4                Lcd_Put_Pixel
                0x30002c84                Lcd_Printf
                0x30000d9c                Lcd_Wait_Blank
                0x30001524                Lcd_Hline
                0x30000ff8                Lcd_Line
                0x3000164c                Lcd_Rectangular
                0x30000e4c                Lcd_Select_Frame_Buffer
                0x30002608                Lcd_Eng_Putch
                0x3000172c                Lcd_Fill_Rectangular
                0x30002cf4                Lcd_Get_Info_BMP
                0x300015b8                Lcd_Vline
                0x30000c18                Lcd_Init
                0x30000f2c                Lcd_Set_Tran_Mode
                0x30000b6c                Lcd_Envid_On_Off
 .text          0x30002d48      0x494 touch.o
                0x30003098                Touch_Init
                0x30002d48                Touch_ISR
                0x30003138                Touch_ISR_Enable
                0x300030dc                Touch_Isr_Init
 .text          0x300031dc      0x594 Lcd.o
                0x300032dc                NonPal_Lcd_Init
                0x300031dc                Lcd_Port_Init
                0x300033f8                NonPal_Put_Pixel
                0x30003450                Lcd_Draw_BMP
 .text          0x30003770      0x754 buzzer.o
                0x30003adc                FailBeep
                0x300037c4                Buzzer_Beep
                0x30003b30                TestBeep
                0x3000387c                Beep
                0x30003c60                EndBeep
                0x30003d40                saeta
                0x30003a88                SuccessBeep
                0x30003b4c                StartBeep
                0x30003770                Buzzer_Init
                0x30003a04                DelayForPlay2
 .text          0x30003ec4      0x924 Main.o
                0x30003f14                Main
                0x30003ec4                HW_Init
 .text          0x300047e8      0x268 MMUs.o
                0x30004970                MMU_SetFastBusMode
                0x30004950                MMU_EnableMMU
                0x30004960                MMU_DisableMMU
                0x300049a8                MMU_InvalidateIDCache
                0x30004854                MEMCPY_SINGLE
                0x30004900                MMU_DisableICache
                0x300049b0                MMU_InvalidateICache
                0x30004a18                MMU_InvalidateDTLB
                0x3000486c                MEMCPY_MULTIPLE
                0x300049b8                MMU_InvalidateICacheMVA
                0x300048e0                CLR_IF
                0x30004984                MMU_SetAsyncBusMode
                0x30004824                SUM_OF_DEC
                0x30004940                MMU_DisableAlignFault
                0x30004a20                MMU_InvalidateDTLBMVA
                0x300049f8                MMU_WaitForInterrupt
                0x300048c4                SET_IF
                0x30004a28                MMU_SetDCacheLockdownBase
                0x30004920                MMU_DisableDCache
                0x300049d0                MMU_InvalidateDCacheMVA
                0x30004930                MMU_EnableAlignFault
                0x300049c0                MMU_PrefetchICacheMVA
                0x30004840                GRT_COM_MES
                0x300049a0                MMU_SetDomain
                0x30004a10                MMU_InvalidateITLBMVA
                0x30004814                DATA_PROCESS2
                0x30004a38                MMU_SetDTLBLockdown
                0x30004804                DATA_PROCESS1
                0x300049f0                MMU_CleanInvalidateDCacheIndex
                0x30004a48                MMU_SetProcessId
                0x30004a30                MMU_SetICacheLockdownBase
                0x300047f0                CONDITIONAL_EXECUTE
                0x30004a00                MMU_InvalidateTLB
                0x300049e8                MMU_CleanDCacheIndex
                0x30004a08                MMU_InvalidateITLB
                0x30004884                MEMCPY
                0x300049d8                MMU_CleanDCacheMVA
                0x30004910                MMU_EnableDCache
                0x300048d8                WR_IF
                0x30004998                MMU_SetTTBase
                0x300049e0                MMU_CleanInvalidateDCacheMVA
                0x300047e8                HOW_TO_RETURN
                0x30004a40                MMU_SetITLBLockdown
                0x300048f0                MMU_EnableICache
                0x300049c8                MMU_InvalidateDCache
 .text          0x30004a50       0xa0 C:/cygwin/GNUARM-4.1.0/arm-elf/lib/libc.a(memcpy.o)
                0x30004a50                memcpy
 .text          0x30004af0       0x78 C:/cygwin/GNUARM-4.1.0/arm-elf/lib/libc.a(rand.o)
                0x30004b0c                rand
                0x30004af0                srand
 .text          0x30004b68       0xac C:/cygwin/GNUARM-4.1.0/arm-elf/lib/libc.a(vsprintf.o)
                0x30004bb4                vsprintf
                0x30004b68                _vsprintf_r
 .text          0x30004c14     0x1f20 C:/cygwin/GNUARM-4.1.0/arm-elf/lib/libc.a(vfprintf.o)
                0x30004c54                _vfprintf_r
                0x30006b08                vfprintf
 .text          0x30006b34       0x80 C:/cygwin/GNUARM-4.1.0/arm-elf/lib/libc.a(wcrtomb.o)
                0x30006b34                _wcrtomb_r
                0x30006b88                wcrtomb
 .text          0x30006bb4      0x178 C:/cygwin/GNUARM-4.1.0/arm-elf/lib/libc.a(wcsrtombs.o)
                0x30006bb4                _wcsrtombs_r
                0x30006cec                wcsrtombs
 .text          0x30006d2c      0x420 C:/cygwin/GNUARM-4.1.0/arm-elf/lib/libc.a(wctomb_r.o)
                0x30006d2c                _wctomb_r
 .text          0x3000714c       0xfc C:/cygwin/GNUARM-4.1.0/arm-elf/lib/libc.a(wsetup.o)
                0x3000714c                __swsetup
 .text          0x30007248     0x164c C:/cygwin/GNUARM-4.1.0/arm-elf/lib/libc.a(dtoa.o)
                0x3000744c                _dtoa_r
 .text          0x30008894       0xe0 C:/cygwin/GNUARM-4.1.0/arm-elf/lib/libc.a(fflush.o)
                0x30008894                fflush
 .text          0x30008974      0x27c C:/cygwin/GNUARM-4.1.0/arm-elf/lib/libc.a(findfp.o)
                0x300089e0                __sinit
                0x30008ab4                __sfmoreglue
                0x30008aa4                _cleanup
                0x30008a98                _cleanup_r
                0x30008a80                __fp_lock_all
                0x300089d0                __sfp_lock_acquire
                0x30008b04                __sfp
                0x300089dc                __sinit_lock_release
                0x30008a68                __fp_unlock_all
                0x300089d4                __sfp_lock_release
                0x300089d8                __sinit_lock_acquire
 .text          0x30008bf0      0x39c C:/cygwin/GNUARM-4.1.0/arm-elf/lib/libc.a(freer.o)
                0x30008cec                _free_r
                0x30008bf0                _malloc_trim_r
 .text          0x30008f8c      0x3f8 C:/cygwin/GNUARM-4.1.0/arm-elf/lib/libc.a(fvwrite.o)
                0x30008f8c                __sfvwrite
 .text          0x30009384      0x10c C:/cygwin/GNUARM-4.1.0/arm-elf/lib/libc.a(fwalk.o)
                0x3000940c                _fwalk
                0x30009384                _fwalk_reent
 .text          0x30009490       0xac C:/cygwin/GNUARM-4.1.0/arm-elf/lib/libc.a(locale.o)
                0x300094bc                _setlocale_r
                0x30009490                __locale_charset
                0x300094a0                _localeconv_r
                0x30009520                setlocale
                0x300094ac                localeconv
 .text          0x3000953c      0x154 C:/cygwin/GNUARM-4.1.0/arm-elf/lib/libc.a(makebuf.o)
                0x3000953c                __smakebuf
 .text          0x30009690      0x770 C:/cygwin/GNUARM-4.1.0/arm-elf/lib/libc.a(mallocr.o)
                0x30009690                _malloc_r
 .text          0x30009e00      0x104 C:/cygwin/GNUARM-4.1.0/arm-elf/lib/libc.a(memchr.o)
                0x30009e00                memchr
 .text          0x30009f04       0xfc C:/cygwin/GNUARM-4.1.0/arm-elf/lib/libc.a(memmove.o)
                0x30009f04                memmove
 .text          0x3000a000       0x98 C:/cygwin/GNUARM-4.1.0/arm-elf/lib/libc.a(memset.o)
                0x3000a000                memset
 .text          0x3000a098        0x8 C:/cygwin/GNUARM-4.1.0/arm-elf/lib/libc.a(mlock.o)
                0x3000a09c                __malloc_unlock
                0x3000a098                __malloc_lock
 .text          0x3000a0a0      0xbb0 C:/cygwin/GNUARM-4.1.0/arm-elf/lib/libc.a(mprec.o)
                0x3000a394                _mprec_log10
                0x3000a0bc                _hi0bits
                0x3000a3e0                _Balloc
                0x3000a478                _d2b
                0x3000a7d4                _multiply
                0x3000a31c                _ratio
                0x3000ab70                _s2b
                0x3000a994                _i2b
                0x3000a114                _lo0bits
                0x3000a1a8                __mcmp
                0x3000aa7c                _pow5mult
                0x3000a208                _ulp
                0x3000a268                _b2d
                0x3000a9b4                _multadd
                0x3000a5ac                __mdiff
                0x3000a6e0                _lshift
                0x3000a0a0                _Bfree
 .text          0x3000ac50      0x638 C:/cygwin/GNUARM-4.1.0/arm-elf/lib/libc.a(reallocr.o)
                0x3000ac50                _realloc_r
 .text          0x3000b288       0x3c C:/cygwin/GNUARM-4.1.0/arm-elf/lib/libc.a(s_isinf.o)
                0x3000b288                isinf
 .text          0x3000b2c4       0x30 C:/cygwin/GNUARM-4.1.0/arm-elf/lib/libc.a(s_isnan.o)
                0x3000b2c4                isnan
 .text          0x3000b2f4       0x38 C:/cygwin/GNUARM-4.1.0/arm-elf/lib/libc.a(sbrkr.o)
                0x3000b2f4                _sbrk_r
 .text          0x3000b32c      0x100 C:/cygwin/GNUARM-4.1.0/arm-elf/lib/libc.a(stdio.o)
                0x3000b340                __sseek
                0x3000b3e8                __sread
                0x3000b32c                __sclose
                0x3000b388                __swrite
 .text          0x3000b42c       0xd0 C:/cygwin/GNUARM-4.1.0/arm-elf/lib/libc.a(strcmp.o)
                0x3000b42c                strcmp
 .text          0x3000b4fc       0x90 C:/cygwin/GNUARM-4.1.0/arm-elf/lib/libc.a(strlen.o)
                0x3000b4fc                strlen
 .text          0x3000b58c      0x708 C:/cygwin/GNUARM-4.1.0/arm-elf/lib/libc.a(syscalls.o)
                0x3000b5bc                _getpid
                0x3000b718                initialise_monitor_handles
                0x3000b5d8                isatty
                0x3000b66c                _fstat
                0x3000bb70                _open
                0x3000b618                _sbrk
                0x3000b5d4                _raise
                0x3000b7d4                _times
                0x3000bb90                _stat
                0x3000bbe0                _lseek
                0x3000b5c4                _link
                0x3000b8ec                _swiwrite
                0x3000b5e0                _rename
                0x3000b928                _swilseek
                0x3000b8a0                _swiclose
                0x3000ba3c                _swiopen
                0x3000b5cc                _unlink
                0x3000bae4                _write
                0x3000b858                _kill
                0x3000b810                _gettimeofday
                0x3000bc2c                _read
                0x3000b880                _exit
                0x3000b5f8                _system
                0x3000bbf0                _swiread
                0x3000bb60                _close
 .text          0x3000bc94       0x40 C:/cygwin/GNUARM-4.1.0/arm-elf/lib/libc.a(writer.o)
                0x3000bc94                _write_r
 .text          0x3000bcd4       0xa0 C:/cygwin/GNUARM-4.1.0/arm-elf/lib/libc.a(callocr.o)
                0x3000bcd4                _calloc_r
 .text          0x3000bd74       0x38 C:/cygwin/GNUARM-4.1.0/arm-elf/lib/libc.a(closer.o)
                0x3000bd74                _close_r
 .text          0x3000bdac       0x10 C:/cygwin/GNUARM-4.1.0/arm-elf/lib/libc.a(errno.o)
                0x3000bdac                __errno
 .text          0x3000bdbc      0x128 C:/cygwin/GNUARM-4.1.0/arm-elf/lib/libc.a(fclose.o)
                0x3000bdbc                _fclose_r
                0x3000bed0                fclose
 .text          0x3000bee4       0x3c C:/cygwin/GNUARM-4.1.0/arm-elf/lib/libc.a(fstatr.o)
                0x3000bee4                _fstat_r
 .text          0x3000bf20       0x40 C:/cygwin/GNUARM-4.1.0/arm-elf/lib/libc.a(lseekr.o)
                0x3000bf20                _lseek_r
 .text          0x3000bf60       0x40 C:/cygwin/GNUARM-4.1.0/arm-elf/lib/libc.a(readr.o)
                0x3000bf60                _read_r
 .text          0x3000bfa0      0x178 C:/cygwin/GNUARM-4.1.0/arm-elf/lib/libc.a(reent.o)
                0x3000c018                cleanup_glue
                0x3000c040                _reclaim_reent
                0x3000bfa0                _wrapup_reent
 .text          0x3000c118      0x110 C:/cygwin/GNUARM-4.1.0/lib/gcc/arm-elf/4.1.0/libgcc.a(_udivsi3.o)
                0x3000c118                __udivsi3
                0x3000c118                __aeabi_uidiv
                0x3000c210                __aeabi_uidivmod
 .text          0x3000c228      0x140 C:/cygwin/GNUARM-4.1.0/lib/gcc/arm-elf/4.1.0/libgcc.a(_divsi3.o)
                0x3000c228                __aeabi_idiv
                0x3000c228                __divsi3
                0x3000c350                __aeabi_idivmod
 .text          0x3000c368        0x4 C:/cygwin/GNUARM-4.1.0/lib/gcc/arm-elf/4.1.0/libgcc.a(_dvmd_tls.o)
                0x3000c368                __aeabi_ldiv0
                0x3000c368                __div0
                0x3000c368                __aeabi_idiv0
 .text          0x3000c36c      0x400 C:/cygwin/GNUARM-4.1.0/lib/gcc/arm-elf/4.1.0/libgcc.a(_addsubdf3.o)
                0x3000c700                __floatdidf
                0x3000c680                __floatsidf
                0x3000c658                __aeabi_ui2d
                0x3000c36c                __aeabi_drsub
                0x3000c6ac                __extendsfdf2
                0x3000c378                __adddf3
                0x3000c658                __floatunsidf
                0x3000c378                __aeabi_dadd
                0x3000c6ec                __aeabi_ul2d
                0x3000c374                __aeabi_dsub
                0x3000c6ec                __floatundidf
                0x3000c680                __aeabi_i2d
                0x3000c700                __aeabi_l2d
                0x3000c6ac                __aeabi_f2d
                0x3000c374                __subdf3
 .text          0x3000c76c      0x470 C:/cygwin/GNUARM-4.1.0/lib/gcc/arm-elf/4.1.0/libgcc.a(_muldivdf3.o)
                0x3000c9d8                __aeabi_ddiv
                0x3000c76c                __aeabi_dmul
                0x3000c9d8                __divdf3
                0x3000c76c                __muldf3
 .text          0x3000cbdc      0x128 C:/cygwin/GNUARM-4.1.0/lib/gcc/arm-elf/4.1.0/libgcc.a(_cmpdf2.o)
                0x3000ccc8                __aeabi_dcmple
                0x3000cbec                __cmpdf2
                0x3000cbec                __eqdf2
                0x3000cbdc                __gtdf2
                0x3000cc8c                __aeabi_cdcmple
                0x3000cc70                __aeabi_cdrcmple
                0x3000cbe4                __ltdf2
                0x3000ccb4                __aeabi_dcmplt
                0x3000cbe4                __ledf2
                0x3000ccf0                __aeabi_dcmpgt
                0x3000ccdc                __aeabi_dcmpge
                0x3000cbec                __nedf2
                0x3000cca0                __aeabi_dcmpeq
                0x3000cc8c                __aeabi_cdcmpeq
                0x3000cbdc                __gedf2
 .text          0x3000cd04       0x5c C:/cygwin/GNUARM-4.1.0/lib/gcc/arm-elf/4.1.0/libgcc.a(_fixdfsi.o)
                0x3000cd04                __fixdfsi
                0x3000cd04                __aeabi_d2iz
 .text          0x3000cd60       0x54 C:/cygwin/GNUARM-4.1.0/lib/gcc/arm-elf/4.1.0/libgcc.a(_fixunsdfsi.o)
                0x3000cd60                __fixunsdfsi
                0x3000cd60                __aeabi_d2uiz
                0x3000cdb4                . = ALIGN (0x4)

.glue_7         0x3000cdb4        0x0

.glue_7t        0x3000cdb4        0x0

.rodata         0x3000cdb4     0x84b0
                0x3000cdb4                rodata_start_addr = .
 *(.rodata)
 .rodata        0x3000cdb4        0x4 Key.o
 .rodata        0x3000cdb8     0x8219 Lcd_480x272.o
                0x3000cdb8                eng8x16
                0x3000ddb8                han16x16
                0x30010ab9                HanTable
 *fill*         0x30014fd1        0x3 00
 .rodata        0x30014fd4       0x6c Main.o
 .rodata        0x30015040        0x4 C:/cygwin/GNUARM-4.1.0/arm-elf/lib/libc.a(impure.o)
                0x30015040                _global_impure_ptr
 .rodata        0x30015044       0x20 C:/cygwin/GNUARM-4.1.0/arm-elf/lib/libc.a(vfprintf.o)
 .rodata        0x30015064       0x34 C:/cygwin/GNUARM-4.1.0/arm-elf/lib/libc.a(locale.o)
 .rodata        0x30015098      0x124 C:/cygwin/GNUARM-4.1.0/arm-elf/lib/libc.a(mprec.o)
                0x30015188                __mprec_tinytens
                0x30015098                __mprec_tens
                0x30015160                __mprec_bigtens
 *(.rodata.*)
 .rodata.str1.4
                0x300151bc        0x2 C:/cygwin/GNUARM-4.1.0/arm-elf/lib/libc.a(impure.o)
                                  0x4 (size before relaxing)
 *fill*         0x300151be        0x2 00
 .rodata.str1.4
                0x300151c0       0x63 C:/cygwin/GNUARM-4.1.0/arm-elf/lib/libc.a(vfprintf.o)
                                 0x64 (size before relaxing)
 *fill*         0x30015223        0x1 00
 .rodata.str1.4
                0x30015224       0x1e C:/cygwin/GNUARM-4.1.0/arm-elf/lib/libc.a(wctomb_r.o)
                                 0x20 (size before relaxing)
 *fill*         0x30015242        0x2 00
 .rodata.str1.4
                0x30015244       0x10 C:/cygwin/GNUARM-4.1.0/arm-elf/lib/libc.a(dtoa.o)
                                 0x14 (size before relaxing)
 .rodata.str1.4
                0x30015254        0xb C:/cygwin/GNUARM-4.1.0/arm-elf/lib/libc.a(locale.o)
                                 0x18 (size before relaxing)
 *fill*         0x3001525f        0x1 00
 .rodata.str1.4
                0x30015260        0x4 C:/cygwin/GNUARM-4.1.0/arm-elf/lib/libc.a(syscalls.o)
                0x30015264                . = ALIGN (0x4)
                0x30015264                rodata_end_addr = .

.data           0x30015264   0x13227c
                0x30015264                data_start_addr = .
                0x30015264                __DATA_START__ = .
 *(.data)
 .data          0x30015264       0x9c Lcd_480x272.o
 .data          0x30015300       0x14 touch.o
                0x30015300                Cal_x1
                0x30015310                Touch_config
                0x30015304                Cal_y1
                0x30015308                Cal_x2
                0x3001530c                Cal_y2
 .data          0x30015314   0x1319a6 Main.o
                0x300172fa                noheart
                0x3008784e                ingame
                0x300192e0                blue
                0x30015314                heart
                0x3002087c                green
                0x3001cdae                black
                0x3002434a                red
                0x300e7284                over
                0x30027e18                start
 *fill*         0x30146cba        0x2 00
 .data          0x30146cbc      0x404 C:/cygwin/GNUARM-4.1.0/arm-elf/lib/libc.a(impure.o)
                0x30146cbc                _impure_ptr
 .data          0x301470c0       0x10 C:/cygwin/GNUARM-4.1.0/arm-elf/lib/libc.a(locale.o)
                0x301470c0                __mb_cur_max
                0x301470c4                __lc_ctype
 .data          0x301470d0      0x410 C:/cygwin/GNUARM-4.1.0/arm-elf/lib/libc.a(mallocr.o)
                0x301474dc                __malloc_sbrk_base
                0x301470d0                __malloc_av_
                0x301474d8                __malloc_trim_threshold
 *(.data.*)
                0x301474e0                . = ALIGN (0x8)
                0x301474e0                data_end_addr = .
                0x301474e0                __DATA_END__ = .

.bss            0x301474e0      0x148
                0x301474e0                bss_start_addr = .
                0x301474e0                __BSS_START__ = .
 *(.bss)
 .bss           0x301474e0       0x20 Lcd_480x272.o
                0x301474fc                Fb_ptr
 .bss           0x30147500       0x14 touch.o
                0x30147504                ADC_x
                0x30147508                ADC_y
                0x30147500                Touch_pressed
                0x3014750c                Touch_x
                0x30147510                Touch_y
 .bss           0x30147514       0x18 Lcd.o
 .bss           0x3014752c        0x4 Main.o
                0x3014752c                militime
 .bss           0x30147530        0xc C:/cygwin/GNUARM-4.1.0/arm-elf/lib/libc.a(locale.o)
                0x30147530                __nlocale_changed
                0x30147534                __mlocale_changed
                0x30147538                _PathLocale
 .bss           0x3014753c       0x34 C:/cygwin/GNUARM-4.1.0/arm-elf/lib/libc.a(mallocr.o)
                0x3014753c                __malloc_top_pad
                0x30147540                __malloc_max_sbrked_mem
                0x30147548                __malloc_current_mallinfo
                0x30147544                __malloc_max_total_mem
 .bss           0x30147570       0xb0 C:/cygwin/GNUARM-4.1.0/arm-elf/lib/libc.a(syscalls.o)
 *(.bss.*)
 *(COMMON)
 COMMON         0x30147620        0x4 C:/cygwin/GNUARM-4.1.0/arm-elf/lib/libc.a(reent.o)
                0x30147620                errno
                0x30147628                . = ALIGN (0x8)
 *fill*         0x30147624        0x4 00
                0x30147628                bss_end_addr = .
                0x30147628                __BSS_END__ = .
                0x30147628                end = .
                0x30147628                PROVIDE (end, .)

.int_vec        0x33ffff00       0x24
 s3c2450_startup.o(int_vect)
 int_vect       0x33ffff00       0x24 s3c2450_startup.o
LOAD MMUc.o
LOAD Uart.o
LOAD Key.o
LOAD Lcd_480x272.o
LOAD touch.o
LOAD Lcd.o
LOAD buzzer.o
LOAD Main.o
LOAD MMUs.o
LOAD s3c2450_startup.o
LOAD C:/cygwin/GNUARM-4.1.0/arm-elf/lib/libc.a
LOAD C:/cygwin/GNUARM-4.1.0/lib/gcc/arm-elf/4.1.0/libgcc.a
OUTPUT(MDS2450 elf32-littlearm)

.debug_line     0x00000000     0x4984
 .debug_line    0x00000000       0xb3 s3c2450_startup.o
 .debug_line    0x000000b3       0x73 MMUc.o
 .debug_line    0x00000126       0x93 Uart.o
 .debug_line    0x000001b9       0x56 Key.o
 .debug_line    0x0000020f      0x284 Lcd_480x272.o
 .debug_line    0x00000493       0x69 touch.o
 .debug_line    0x000004fc       0x78 Lcd.o
 .debug_line    0x00000574       0xbd buzzer.o
 .debug_line    0x00000631       0xc6 Main.o
 .debug_line    0x000006f7      0x110 MMUs.o
 .debug_line    0x00000807       0xc5 C:/cygwin/GNUARM-4.1.0/arm-elf/lib/libc.a(memcpy.o)
 .debug_line    0x000008cc       0xf3 C:/cygwin/GNUARM-4.1.0/arm-elf/lib/libc.a(rand.o)
 .debug_line    0x000009bf      0x151 C:/cygwin/GNUARM-4.1.0/arm-elf/lib/libc.a(vsprintf.o)
 .debug_line    0x00000b10       0xdd C:/cygwin/GNUARM-4.1.0/arm-elf/lib/libc.a(impure.o)
 .debug_line    0x00000bed      0x529 C:/cygwin/GNUARM-4.1.0/arm-elf/lib/libc.a(vfprintf.o)
 .debug_line    0x00001116      0x144 C:/cygwin/GNUARM-4.1.0/arm-elf/lib/libc.a(wcrtomb.o)
 .debug_line    0x0000125a      0x16a C:/cygwin/GNUARM-4.1.0/arm-elf/lib/libc.a(wcsrtombs.o)
 .debug_line    0x000013c4      0x1f4 C:/cygwin/GNUARM-4.1.0/arm-elf/lib/libc.a(wctomb_r.o)
 .debug_line    0x000015b8      0x142 C:/cygwin/GNUARM-4.1.0/arm-elf/lib/libc.a(wsetup.o)
 .debug_line    0x000016fa      0x446 C:/cygwin/GNUARM-4.1.0/arm-elf/lib/libc.a(dtoa.o)
 .debug_line    0x00001b40      0x145 C:/cygwin/GNUARM-4.1.0/arm-elf/lib/libc.a(fflush.o)
 .debug_line    0x00001c85      0x1be C:/cygwin/GNUARM-4.1.0/arm-elf/lib/libc.a(findfp.o)
 .debug_line    0x00001e43      0x1a5 C:/cygwin/GNUARM-4.1.0/arm-elf/lib/libc.a(freer.o)
 .debug_line    0x00001fe8      0x1dd C:/cygwin/GNUARM-4.1.0/arm-elf/lib/libc.a(fvwrite.o)
 .debug_line    0x000021c5      0x145 C:/cygwin/GNUARM-4.1.0/arm-elf/lib/libc.a(fwalk.o)
 .debug_line    0x0000230a      0x147 C:/cygwin/GNUARM-4.1.0/arm-elf/lib/libc.a(locale.o)
 .debug_line    0x00002451      0x16f C:/cygwin/GNUARM-4.1.0/arm-elf/lib/libc.a(makebuf.o)
 .debug_line    0x000025c0      0x226 C:/cygwin/GNUARM-4.1.0/arm-elf/lib/libc.a(mallocr.o)
 .debug_line    0x000027e6       0xda C:/cygwin/GNUARM-4.1.0/arm-elf/lib/libc.a(memchr.o)
 .debug_line    0x000028c0       0xd5 C:/cygwin/GNUARM-4.1.0/arm-elf/lib/libc.a(memmove.o)
 .debug_line    0x00002995       0xcd C:/cygwin/GNUARM-4.1.0/arm-elf/lib/libc.a(memset.o)
 .debug_line    0x00002a62       0xef C:/cygwin/GNUARM-4.1.0/arm-elf/lib/libc.a(mlock.o)
 .debug_line    0x00002b51      0x3e1 C:/cygwin/GNUARM-4.1.0/arm-elf/lib/libc.a(mprec.o)
 .debug_line    0x00002f32      0x1be C:/cygwin/GNUARM-4.1.0/arm-elf/lib/libc.a(reallocr.o)
 .debug_line    0x000030f0       0xed C:/cygwin/GNUARM-4.1.0/arm-elf/lib/libc.a(s_isinf.o)
 .debug_line    0x000031dd       0xea C:/cygwin/GNUARM-4.1.0/arm-elf/lib/libc.a(s_isnan.o)
 .debug_line    0x000032c7       0xf2 C:/cygwin/GNUARM-4.1.0/arm-elf/lib/libc.a(sbrkr.o)
 .debug_line    0x000033b9      0x163 C:/cygwin/GNUARM-4.1.0/arm-elf/lib/libc.a(stdio.o)
 .debug_line    0x0000351c       0x7e C:/cygwin/GNUARM-4.1.0/arm-elf/lib/libc.a(strcmp.o)
 .debug_line    0x0000359a       0xa9 C:/cygwin/GNUARM-4.1.0/arm-elf/lib/libc.a(strlen.o)
 .debug_line    0x00003643      0x2da C:/cygwin/GNUARM-4.1.0/arm-elf/lib/libc.a(syscalls.o)
 .debug_line    0x0000391d       0xf3 C:/cygwin/GNUARM-4.1.0/arm-elf/lib/libc.a(writer.o)
 .debug_line    0x00003a10       0xfb C:/cygwin/GNUARM-4.1.0/arm-elf/lib/libc.a(callocr.o)
 .debug_line    0x00003b0b       0xf3 C:/cygwin/GNUARM-4.1.0/arm-elf/lib/libc.a(closer.o)
 .debug_line    0x00003bfe       0xec C:/cygwin/GNUARM-4.1.0/arm-elf/lib/libc.a(errno.o)
 .debug_line    0x00003cea      0x144 C:/cygwin/GNUARM-4.1.0/arm-elf/lib/libc.a(fclose.o)
 .debug_line    0x00003e2e      0x13c C:/cygwin/GNUARM-4.1.0/arm-elf/lib/libc.a(fstatr.o)
 .debug_line    0x00003f6a       0xf3 C:/cygwin/GNUARM-4.1.0/arm-elf/lib/libc.a(lseekr.o)
 .debug_line    0x0000405d       0xf2 C:/cygwin/GNUARM-4.1.0/arm-elf/lib/libc.a(readr.o)
 .debug_line    0x0000414f      0x120 C:/cygwin/GNUARM-4.1.0/arm-elf/lib/libc.a(reent.o)
 .debug_line    0x0000426f       0x86 C:/cygwin/GNUARM-4.1.0/lib/gcc/arm-elf/4.1.0/libgcc.a(_udivsi3.o)
 .debug_line    0x000042f5       0x92 C:/cygwin/GNUARM-4.1.0/lib/gcc/arm-elf/4.1.0/libgcc.a(_divsi3.o)
 .debug_line    0x00004387       0x5a C:/cygwin/GNUARM-4.1.0/lib/gcc/arm-elf/4.1.0/libgcc.a(_dvmd_tls.o)
 .debug_line    0x000043e1      0x1e5 C:/cygwin/GNUARM-4.1.0/lib/gcc/arm-elf/4.1.0/libgcc.a(_addsubdf3.o)
 .debug_line    0x000045c6      0x1f6 C:/cygwin/GNUARM-4.1.0/lib/gcc/arm-elf/4.1.0/libgcc.a(_muldivdf3.o)
 .debug_line    0x000047bc       0xec C:/cygwin/GNUARM-4.1.0/lib/gcc/arm-elf/4.1.0/libgcc.a(_cmpdf2.o)
 .debug_line    0x000048a8       0x6f C:/cygwin/GNUARM-4.1.0/lib/gcc/arm-elf/4.1.0/libgcc.a(_fixdfsi.o)
 .debug_line    0x00004917       0x6d C:/cygwin/GNUARM-4.1.0/lib/gcc/arm-elf/4.1.0/libgcc.a(_fixunsdfsi.o)

.debug_info     0x00000000    0x18b14
 .debug_info    0x00000000       0x52 s3c2450_startup.o
 .debug_info    0x00000052      0x182 MMUc.o
 .debug_info    0x000001d4      0x1be Uart.o
 .debug_info    0x00000392      0x16e Key.o
 .debug_info    0x00000500      0xce6 Lcd_480x272.o
 .debug_info    0x000011e6      0x1ef touch.o
 .debug_info    0x000013d5      0x239 Lcd.o
 .debug_info    0x0000160e      0x1e6 buzzer.o
 .debug_info    0x000017f4      0x332 Main.o
 .debug_info    0x00001b26       0x47 MMUs.o
 .debug_info    0x00001b6d      0x10a C:/cygwin/GNUARM-4.1.0/arm-elf/lib/libc.a(memcpy.o)
 .debug_info    0x00001c77      0x934 C:/cygwin/GNUARM-4.1.0/arm-elf/lib/libc.a(rand.o)
 .debug_info    0x000025ab      0x9f3 C:/cygwin/GNUARM-4.1.0/arm-elf/lib/libc.a(vsprintf.o)
 .debug_info    0x00002f9e      0x922 C:/cygwin/GNUARM-4.1.0/arm-elf/lib/libc.a(impure.o)
 .debug_info    0x000038c0     0x10ee C:/cygwin/GNUARM-4.1.0/arm-elf/lib/libc.a(vfprintf.o)
 .debug_info    0x000049ae      0x9ef C:/cygwin/GNUARM-4.1.0/arm-elf/lib/libc.a(wcrtomb.o)
 .debug_info    0x0000539d      0xa84 C:/cygwin/GNUARM-4.1.0/arm-elf/lib/libc.a(wcsrtombs.o)
 .debug_info    0x00005e21      0x9f7 C:/cygwin/GNUARM-4.1.0/arm-elf/lib/libc.a(wctomb_r.o)
 .debug_info    0x00006818      0x93a C:/cygwin/GNUARM-4.1.0/arm-elf/lib/libc.a(wsetup.o)
 .debug_info    0x00007152      0xd61 C:/cygwin/GNUARM-4.1.0/arm-elf/lib/libc.a(dtoa.o)
 .debug_info    0x00007eb3      0x974 C:/cygwin/GNUARM-4.1.0/arm-elf/lib/libc.a(fflush.o)
 .debug_info    0x00008827      0xb61 C:/cygwin/GNUARM-4.1.0/arm-elf/lib/libc.a(findfp.o)
 .debug_info    0x00009388      0xbb1 C:/cygwin/GNUARM-4.1.0/arm-elf/lib/libc.a(freer.o)
 .debug_info    0x00009f39      0xa5f C:/cygwin/GNUARM-4.1.0/arm-elf/lib/libc.a(fvwrite.o)
 .debug_info    0x0000a998      0xad9 C:/cygwin/GNUARM-4.1.0/arm-elf/lib/libc.a(fwalk.o)
 .debug_info    0x0000b471      0xb7e C:/cygwin/GNUARM-4.1.0/arm-elf/lib/libc.a(locale.o)
 .debug_info    0x0000bfef      0xad9 C:/cygwin/GNUARM-4.1.0/arm-elf/lib/libc.a(makebuf.o)
 .debug_info    0x0000cac8      0xcba C:/cygwin/GNUARM-4.1.0/arm-elf/lib/libc.a(mallocr.o)
 .debug_info    0x0000d782      0x133 C:/cygwin/GNUARM-4.1.0/arm-elf/lib/libc.a(memchr.o)
 .debug_info    0x0000d8b5      0x13f C:/cygwin/GNUARM-4.1.0/arm-elf/lib/libc.a(memmove.o)
 .debug_info    0x0000d9f4      0x10e C:/cygwin/GNUARM-4.1.0/arm-elf/lib/libc.a(memset.o)
 .debug_info    0x0000db02      0x93c C:/cygwin/GNUARM-4.1.0/arm-elf/lib/libc.a(mlock.o)
 .debug_info    0x0000e43e     0x1319 C:/cygwin/GNUARM-4.1.0/arm-elf/lib/libc.a(mprec.o)
 .debug_info    0x0000f757      0xbc7 C:/cygwin/GNUARM-4.1.0/arm-elf/lib/libc.a(reallocr.o)
 .debug_info    0x0001031e      0x153 C:/cygwin/GNUARM-4.1.0/arm-elf/lib/libc.a(s_isinf.o)
 .debug_info    0x00010471      0x151 C:/cygwin/GNUARM-4.1.0/arm-elf/lib/libc.a(s_isnan.o)
 .debug_info    0x000105c2      0x94e C:/cygwin/GNUARM-4.1.0/arm-elf/lib/libc.a(sbrkr.o)
 .debug_info    0x00010f10      0xa70 C:/cygwin/GNUARM-4.1.0/arm-elf/lib/libc.a(stdio.o)
 .debug_info    0x00011980       0xd8 C:/cygwin/GNUARM-4.1.0/arm-elf/lib/libc.a(strcmp.o)
 .debug_info    0x00011a58       0xd4 C:/cygwin/GNUARM-4.1.0/arm-elf/lib/libc.a(strlen.o)
 .debug_info    0x00011b2c     0x159c C:/cygwin/GNUARM-4.1.0/arm-elf/lib/libc.a(syscalls.o)
 .debug_info    0x000130c8      0x981 C:/cygwin/GNUARM-4.1.0/arm-elf/lib/libc.a(writer.o)
 .debug_info    0x00013a49      0xa01 C:/cygwin/GNUARM-4.1.0/arm-elf/lib/libc.a(callocr.o)
 .debug_info    0x0001444a      0x946 C:/cygwin/GNUARM-4.1.0/arm-elf/lib/libc.a(closer.o)
 .debug_info    0x00014d90      0x913 C:/cygwin/GNUARM-4.1.0/arm-elf/lib/libc.a(errno.o)
 .debug_info    0x000156a3      0x980 C:/cygwin/GNUARM-4.1.0/arm-elf/lib/libc.a(fclose.o)
 .debug_info    0x00016023      0xabe C:/cygwin/GNUARM-4.1.0/arm-elf/lib/libc.a(fstatr.o)
 .debug_info    0x00016ae1      0x96b C:/cygwin/GNUARM-4.1.0/arm-elf/lib/libc.a(lseekr.o)
 .debug_info    0x0001744c      0x97a C:/cygwin/GNUARM-4.1.0/arm-elf/lib/libc.a(readr.o)
 .debug_info    0x00017dc6      0xa03 C:/cygwin/GNUARM-4.1.0/arm-elf/lib/libc.a(reent.o)
 .debug_info    0x000187c9       0x6a C:/cygwin/GNUARM-4.1.0/lib/gcc/arm-elf/4.1.0/libgcc.a(_udivsi3.o)
 .debug_info    0x00018833       0x6a C:/cygwin/GNUARM-4.1.0/lib/gcc/arm-elf/4.1.0/libgcc.a(_divsi3.o)
 .debug_info    0x0001889d       0x6a C:/cygwin/GNUARM-4.1.0/lib/gcc/arm-elf/4.1.0/libgcc.a(_dvmd_tls.o)
 .debug_info    0x00018907       0x69 C:/cygwin/GNUARM-4.1.0/lib/gcc/arm-elf/4.1.0/libgcc.a(_addsubdf3.o)
 .debug_info    0x00018970       0x69 C:/cygwin/GNUARM-4.1.0/lib/gcc/arm-elf/4.1.0/libgcc.a(_muldivdf3.o)
 .debug_info    0x000189d9       0x69 C:/cygwin/GNUARM-4.1.0/lib/gcc/arm-elf/4.1.0/libgcc.a(_cmpdf2.o)
 .debug_info    0x00018a42       0x69 C:/cygwin/GNUARM-4.1.0/lib/gcc/arm-elf/4.1.0/libgcc.a(_fixdfsi.o)
 .debug_info    0x00018aab       0x69 C:/cygwin/GNUARM-4.1.0/lib/gcc/arm-elf/4.1.0/libgcc.a(_fixunsdfsi.o)

.debug_abbrev   0x00000000     0x4570
 .debug_abbrev  0x00000000       0x14 s3c2450_startup.o
 .debug_abbrev  0x00000014       0x72 MMUc.o
 .debug_abbrev  0x00000086       0x9d Uart.o
 .debug_abbrev  0x00000123       0x93 Key.o
 .debug_abbrev  0x000001b6      0x11c Lcd_480x272.o
 .debug_abbrev  0x000002d2       0x82 touch.o
 .debug_abbrev  0x00000354       0x79 Lcd.o
 .debug_abbrev  0x000003cd       0x78 buzzer.o
 .debug_abbrev  0x00000445       0xba Main.o
 .debug_abbrev  0x000004ff       0x14 MMUs.o
 .debug_abbrev  0x00000513       0xa6 C:/cygwin/GNUARM-4.1.0/arm-elf/lib/libc.a(memcpy.o)
 .debug_abbrev  0x000005b9      0x185 C:/cygwin/GNUARM-4.1.0/arm-elf/lib/libc.a(rand.o)
 .debug_abbrev  0x0000073e      0x18c C:/cygwin/GNUARM-4.1.0/arm-elf/lib/libc.a(vsprintf.o)
 .debug_abbrev  0x000008ca      0x157 C:/cygwin/GNUARM-4.1.0/arm-elf/lib/libc.a(impure.o)
 .debug_abbrev  0x00000a21      0x367 C:/cygwin/GNUARM-4.1.0/arm-elf/lib/libc.a(vfprintf.o)
 .debug_abbrev  0x00000d88      0x18e C:/cygwin/GNUARM-4.1.0/arm-elf/lib/libc.a(wcrtomb.o)
 .debug_abbrev  0x00000f16      0x1a4 C:/cygwin/GNUARM-4.1.0/arm-elf/lib/libc.a(wcsrtombs.o)
 .debug_abbrev  0x000010ba      0x1ab C:/cygwin/GNUARM-4.1.0/arm-elf/lib/libc.a(wctomb_r.o)
 .debug_abbrev  0x00001265      0x170 C:/cygwin/GNUARM-4.1.0/arm-elf/lib/libc.a(wsetup.o)
 .debug_abbrev  0x000013d5      0x223 C:/cygwin/GNUARM-4.1.0/arm-elf/lib/libc.a(dtoa.o)
 .debug_abbrev  0x000015f8      0x17f C:/cygwin/GNUARM-4.1.0/arm-elf/lib/libc.a(fflush.o)
 .debug_abbrev  0x00001777      0x24c C:/cygwin/GNUARM-4.1.0/arm-elf/lib/libc.a(findfp.o)
 .debug_abbrev  0x000019c3      0x1e8 C:/cygwin/GNUARM-4.1.0/arm-elf/lib/libc.a(freer.o)
 .debug_abbrev  0x00001bab      0x1b4 C:/cygwin/GNUARM-4.1.0/arm-elf/lib/libc.a(fvwrite.o)
 .debug_abbrev  0x00001d5f      0x1ee C:/cygwin/GNUARM-4.1.0/arm-elf/lib/libc.a(fwalk.o)
 .debug_abbrev  0x00001f4d      0x1de C:/cygwin/GNUARM-4.1.0/arm-elf/lib/libc.a(locale.o)
 .debug_abbrev  0x0000212b      0x1a8 C:/cygwin/GNUARM-4.1.0/arm-elf/lib/libc.a(makebuf.o)
 .debug_abbrev  0x000022d3      0x225 C:/cygwin/GNUARM-4.1.0/arm-elf/lib/libc.a(mallocr.o)
 .debug_abbrev  0x000024f8       0xb5 C:/cygwin/GNUARM-4.1.0/arm-elf/lib/libc.a(memchr.o)
 .debug_abbrev  0x000025ad       0x99 C:/cygwin/GNUARM-4.1.0/arm-elf/lib/libc.a(memmove.o)
 .debug_abbrev  0x00002646       0xa9 C:/cygwin/GNUARM-4.1.0/arm-elf/lib/libc.a(memset.o)
 .debug_abbrev  0x000026ef      0x16a C:/cygwin/GNUARM-4.1.0/arm-elf/lib/libc.a(mlock.o)
 .debug_abbrev  0x00002859      0x280 C:/cygwin/GNUARM-4.1.0/arm-elf/lib/libc.a(mprec.o)
 .debug_abbrev  0x00002ad9      0x1c3 C:/cygwin/GNUARM-4.1.0/arm-elf/lib/libc.a(reallocr.o)
 .debug_abbrev  0x00002c9c       0xd4 C:/cygwin/GNUARM-4.1.0/arm-elf/lib/libc.a(s_isinf.o)
 .debug_abbrev  0x00002d70       0xd4 C:/cygwin/GNUARM-4.1.0/arm-elf/lib/libc.a(s_isnan.o)
 .debug_abbrev  0x00002e44      0x18c C:/cygwin/GNUARM-4.1.0/arm-elf/lib/libc.a(sbrkr.o)
 .debug_abbrev  0x00002fd0      0x1b4 C:/cygwin/GNUARM-4.1.0/arm-elf/lib/libc.a(stdio.o)
 .debug_abbrev  0x00003184       0x71 C:/cygwin/GNUARM-4.1.0/arm-elf/lib/libc.a(strcmp.o)
 .debug_abbrev  0x000031f5       0x8b C:/cygwin/GNUARM-4.1.0/arm-elf/lib/libc.a(strlen.o)
 .debug_abbrev  0x00003280      0x407 C:/cygwin/GNUARM-4.1.0/arm-elf/lib/libc.a(syscalls.o)
 .debug_abbrev  0x00003687      0x184 C:/cygwin/GNUARM-4.1.0/arm-elf/lib/libc.a(writer.o)
 .debug_abbrev  0x0000380b      0x1be C:/cygwin/GNUARM-4.1.0/arm-elf/lib/libc.a(callocr.o)
 .debug_abbrev  0x000039c9      0x17f C:/cygwin/GNUARM-4.1.0/arm-elf/lib/libc.a(closer.o)
 .debug_abbrev  0x00003b48      0x15f C:/cygwin/GNUARM-4.1.0/arm-elf/lib/libc.a(errno.o)
 .debug_abbrev  0x00003ca7      0x1a7 C:/cygwin/GNUARM-4.1.0/arm-elf/lib/libc.a(fclose.o)
 .debug_abbrev  0x00003e4e      0x18e C:/cygwin/GNUARM-4.1.0/arm-elf/lib/libc.a(fstatr.o)
 .debug_abbrev  0x00003fdc      0x18c C:/cygwin/GNUARM-4.1.0/arm-elf/lib/libc.a(lseekr.o)
 .debug_abbrev  0x00004168      0x17f C:/cygwin/GNUARM-4.1.0/arm-elf/lib/libc.a(readr.o)
 .debug_abbrev  0x000042e7      0x1e9 C:/cygwin/GNUARM-4.1.0/arm-elf/lib/libc.a(reent.o)
 .debug_abbrev  0x000044d0       0x14 C:/cygwin/GNUARM-4.1.0/lib/gcc/arm-elf/4.1.0/libgcc.a(_udivsi3.o)
 .debug_abbrev  0x000044e4       0x14 C:/cygwin/GNUARM-4.1.0/lib/gcc/arm-elf/4.1.0/libgcc.a(_divsi3.o)
 .debug_abbrev  0x000044f8       0x14 C:/cygwin/GNUARM-4.1.0/lib/gcc/arm-elf/4.1.0/libgcc.a(_dvmd_tls.o)
 .debug_abbrev  0x0000450c       0x14 C:/cygwin/GNUARM-4.1.0/lib/gcc/arm-elf/4.1.0/libgcc.a(_addsubdf3.o)
 .debug_abbrev  0x00004520       0x14 C:/cygwin/GNUARM-4.1.0/lib/gcc/arm-elf/4.1.0/libgcc.a(_muldivdf3.o)
 .debug_abbrev  0x00004534       0x14 C:/cygwin/GNUARM-4.1.0/lib/gcc/arm-elf/4.1.0/libgcc.a(_cmpdf2.o)
 .debug_abbrev  0x00004548       0x14 C:/cygwin/GNUARM-4.1.0/lib/gcc/arm-elf/4.1.0/libgcc.a(_fixdfsi.o)
 .debug_abbrev  0x0000455c       0x14 C:/cygwin/GNUARM-4.1.0/lib/gcc/arm-elf/4.1.0/libgcc.a(_fixunsdfsi.o)

.debug_aranges  0x00000000      0x720
 .debug_aranges
                0x00000000       0x20 s3c2450_startup.o
 .debug_aranges
                0x00000020       0x20 MMUc.o
 .debug_aranges
                0x00000040       0x20 Uart.o
 .debug_aranges
                0x00000060       0x20 Key.o
 .debug_aranges
                0x00000080       0x20 Lcd_480x272.o
 .debug_aranges
                0x000000a0       0x20 touch.o
 .debug_aranges
                0x000000c0       0x20 Lcd.o
 .debug_aranges
                0x000000e0       0x20 buzzer.o
 .debug_aranges
                0x00000100       0x20 Main.o
 .debug_aranges
                0x00000120       0x20 MMUs.o
 .debug_aranges
                0x00000140       0x20 C:/cygwin/GNUARM-4.1.0/arm-elf/lib/libc.a(memcpy.o)
 .debug_aranges
                0x00000160       0x20 C:/cygwin/GNUARM-4.1.0/arm-elf/lib/libc.a(rand.o)
 .debug_aranges
                0x00000180       0x20 C:/cygwin/GNUARM-4.1.0/arm-elf/lib/libc.a(vsprintf.o)
 .debug_aranges
                0x000001a0       0x20 C:/cygwin/GNUARM-4.1.0/arm-elf/lib/libc.a(vfprintf.o)
 .debug_aranges
                0x000001c0       0x20 C:/cygwin/GNUARM-4.1.0/arm-elf/lib/libc.a(wcrtomb.o)
 .debug_aranges
                0x000001e0       0x20 C:/cygwin/GNUARM-4.1.0/arm-elf/lib/libc.a(wcsrtombs.o)
 .debug_aranges
                0x00000200       0x20 C:/cygwin/GNUARM-4.1.0/arm-elf/lib/libc.a(wctomb_r.o)
 .debug_aranges
                0x00000220       0x20 C:/cygwin/GNUARM-4.1.0/arm-elf/lib/libc.a(wsetup.o)
 .debug_aranges
                0x00000240       0x20 C:/cygwin/GNUARM-4.1.0/arm-elf/lib/libc.a(dtoa.o)
 .debug_aranges
                0x00000260       0x20 C:/cygwin/GNUARM-4.1.0/arm-elf/lib/libc.a(fflush.o)
 .debug_aranges
                0x00000280       0x20 C:/cygwin/GNUARM-4.1.0/arm-elf/lib/libc.a(findfp.o)
 .debug_aranges
                0x000002a0       0x20 C:/cygwin/GNUARM-4.1.0/arm-elf/lib/libc.a(freer.o)
 .debug_aranges
                0x000002c0       0x20 C:/cygwin/GNUARM-4.1.0/arm-elf/lib/libc.a(fvwrite.o)
 .debug_aranges
                0x000002e0       0x20 C:/cygwin/GNUARM-4.1.0/arm-elf/lib/libc.a(fwalk.o)
 .debug_aranges
                0x00000300       0x20 C:/cygwin/GNUARM-4.1.0/arm-elf/lib/libc.a(locale.o)
 .debug_aranges
                0x00000320       0x20 C:/cygwin/GNUARM-4.1.0/arm-elf/lib/libc.a(makebuf.o)
 .debug_aranges
                0x00000340       0x20 C:/cygwin/GNUARM-4.1.0/arm-elf/lib/libc.a(mallocr.o)
 .debug_aranges
                0x00000360       0x20 C:/cygwin/GNUARM-4.1.0/arm-elf/lib/libc.a(memchr.o)
 .debug_aranges
                0x00000380       0x20 C:/cygwin/GNUARM-4.1.0/arm-elf/lib/libc.a(memmove.o)
 .debug_aranges
                0x000003a0       0x20 C:/cygwin/GNUARM-4.1.0/arm-elf/lib/libc.a(memset.o)
 .debug_aranges
                0x000003c0       0x20 C:/cygwin/GNUARM-4.1.0/arm-elf/lib/libc.a(mlock.o)
 .debug_aranges
                0x000003e0       0x20 C:/cygwin/GNUARM-4.1.0/arm-elf/lib/libc.a(mprec.o)
 .debug_aranges
                0x00000400       0x20 C:/cygwin/GNUARM-4.1.0/arm-elf/lib/libc.a(reallocr.o)
 .debug_aranges
                0x00000420       0x20 C:/cygwin/GNUARM-4.1.0/arm-elf/lib/libc.a(s_isinf.o)
 .debug_aranges
                0x00000440       0x20 C:/cygwin/GNUARM-4.1.0/arm-elf/lib/libc.a(s_isnan.o)
 .debug_aranges
                0x00000460       0x20 C:/cygwin/GNUARM-4.1.0/arm-elf/lib/libc.a(sbrkr.o)
 .debug_aranges
                0x00000480       0x20 C:/cygwin/GNUARM-4.1.0/arm-elf/lib/libc.a(stdio.o)
 .debug_aranges
                0x000004a0       0x20 C:/cygwin/GNUARM-4.1.0/arm-elf/lib/libc.a(strcmp.o)
 .debug_aranges
                0x000004c0       0x20 C:/cygwin/GNUARM-4.1.0/arm-elf/lib/libc.a(strlen.o)
 .debug_aranges
                0x000004e0       0x20 C:/cygwin/GNUARM-4.1.0/arm-elf/lib/libc.a(syscalls.o)
 .debug_aranges
                0x00000500       0x20 C:/cygwin/GNUARM-4.1.0/arm-elf/lib/libc.a(writer.o)
 .debug_aranges
                0x00000520       0x20 C:/cygwin/GNUARM-4.1.0/arm-elf/lib/libc.a(callocr.o)
 .debug_aranges
                0x00000540       0x20 C:/cygwin/GNUARM-4.1.0/arm-elf/lib/libc.a(closer.o)
 .debug_aranges
                0x00000560       0x20 C:/cygwin/GNUARM-4.1.0/arm-elf/lib/libc.a(errno.o)
 .debug_aranges
                0x00000580       0x20 C:/cygwin/GNUARM-4.1.0/arm-elf/lib/libc.a(fclose.o)
 .debug_aranges
                0x000005a0       0x20 C:/cygwin/GNUARM-4.1.0/arm-elf/lib/libc.a(fstatr.o)
 .debug_aranges
                0x000005c0       0x20 C:/cygwin/GNUARM-4.1.0/arm-elf/lib/libc.a(lseekr.o)
 .debug_aranges
                0x000005e0       0x20 C:/cygwin/GNUARM-4.1.0/arm-elf/lib/libc.a(readr.o)
 .debug_aranges
                0x00000600       0x20 C:/cygwin/GNUARM-4.1.0/arm-elf/lib/libc.a(reent.o)
 .debug_aranges
                0x00000620       0x20 C:/cygwin/GNUARM-4.1.0/lib/gcc/arm-elf/4.1.0/libgcc.a(_udivsi3.o)
 .debug_aranges
                0x00000640       0x20 C:/cygwin/GNUARM-4.1.0/lib/gcc/arm-elf/4.1.0/libgcc.a(_divsi3.o)
 .debug_aranges
                0x00000660       0x20 C:/cygwin/GNUARM-4.1.0/lib/gcc/arm-elf/4.1.0/libgcc.a(_dvmd_tls.o)
 .debug_aranges
                0x00000680       0x20 C:/cygwin/GNUARM-4.1.0/lib/gcc/arm-elf/4.1.0/libgcc.a(_addsubdf3.o)
 .debug_aranges
                0x000006a0       0x20 C:/cygwin/GNUARM-4.1.0/lib/gcc/arm-elf/4.1.0/libgcc.a(_muldivdf3.o)
 .debug_aranges
                0x000006c0       0x20 C:/cygwin/GNUARM-4.1.0/lib/gcc/arm-elf/4.1.0/libgcc.a(_cmpdf2.o)
 .debug_aranges
                0x000006e0       0x20 C:/cygwin/GNUARM-4.1.0/lib/gcc/arm-elf/4.1.0/libgcc.a(_fixdfsi.o)
 .debug_aranges
                0x00000700       0x20 C:/cygwin/GNUARM-4.1.0/lib/gcc/arm-elf/4.1.0/libgcc.a(_fixunsdfsi.o)

.debug_frame    0x00000000     0x15f0
 .debug_frame   0x00000000       0x70 MMUc.o
 .debug_frame   0x00000070       0xbc Uart.o
 .debug_frame   0x0000012c       0xd0 Key.o
 .debug_frame   0x000001fc      0x2d0 Lcd_480x272.o
 .debug_frame   0x000004cc       0x98 touch.o
 .debug_frame   0x00000564       0x90 Lcd.o
 .debug_frame   0x000005f4      0x154 buzzer.o
 .debug_frame   0x00000748       0x50 Main.o
 .debug_frame   0x00000798       0x28 C:/cygwin/GNUARM-4.1.0/arm-elf/lib/libc.a(memcpy.o)
 .debug_frame   0x000007c0       0x3c C:/cygwin/GNUARM-4.1.0/arm-elf/lib/libc.a(rand.o)
 .debug_frame   0x000007fc       0x48 C:/cygwin/GNUARM-4.1.0/arm-elf/lib/libc.a(vsprintf.o)
 .debug_frame   0x00000844       0x6c C:/cygwin/GNUARM-4.1.0/arm-elf/lib/libc.a(vfprintf.o)
 .debug_frame   0x000008b0       0x44 C:/cygwin/GNUARM-4.1.0/arm-elf/lib/libc.a(wcrtomb.o)
 .debug_frame   0x000008f4       0x54 C:/cygwin/GNUARM-4.1.0/arm-elf/lib/libc.a(wcsrtombs.o)
 .debug_frame   0x00000948       0x30 C:/cygwin/GNUARM-4.1.0/arm-elf/lib/libc.a(wctomb_r.o)
 .debug_frame   0x00000978       0x2c C:/cygwin/GNUARM-4.1.0/arm-elf/lib/libc.a(wsetup.o)
 .debug_frame   0x000009a4       0x60 C:/cygwin/GNUARM-4.1.0/arm-elf/lib/libc.a(dtoa.o)
 .debug_frame   0x00000a04       0x2c C:/cygwin/GNUARM-4.1.0/arm-elf/lib/libc.a(fflush.o)
 .debug_frame   0x00000a30      0x114 C:/cygwin/GNUARM-4.1.0/arm-elf/lib/libc.a(findfp.o)
 .debug_frame   0x00000b44       0x54 C:/cygwin/GNUARM-4.1.0/arm-elf/lib/libc.a(freer.o)
 .debug_frame   0x00000b98       0x38 C:/cygwin/GNUARM-4.1.0/arm-elf/lib/libc.a(fvwrite.o)
 .debug_frame   0x00000bd0       0x58 C:/cygwin/GNUARM-4.1.0/arm-elf/lib/libc.a(fwalk.o)
 .debug_frame   0x00000c28       0x6c C:/cygwin/GNUARM-4.1.0/arm-elf/lib/libc.a(locale.o)
 .debug_frame   0x00000c94       0x30 C:/cygwin/GNUARM-4.1.0/arm-elf/lib/libc.a(makebuf.o)
 .debug_frame   0x00000cc4       0x38 C:/cygwin/GNUARM-4.1.0/arm-elf/lib/libc.a(mallocr.o)
 .debug_frame   0x00000cfc       0x28 C:/cygwin/GNUARM-4.1.0/arm-elf/lib/libc.a(memchr.o)
 .debug_frame   0x00000d24       0x28 C:/cygwin/GNUARM-4.1.0/arm-elf/lib/libc.a(memmove.o)
 .debug_frame   0x00000d4c       0x20 C:/cygwin/GNUARM-4.1.0/arm-elf/lib/libc.a(memset.o)
 .debug_frame   0x00000d6c       0x30 C:/cygwin/GNUARM-4.1.0/arm-elf/lib/libc.a(mlock.o)
 .debug_frame   0x00000d9c      0x1f0 C:/cygwin/GNUARM-4.1.0/arm-elf/lib/libc.a(mprec.o)
 .debug_frame   0x00000f8c       0x38 C:/cygwin/GNUARM-4.1.0/arm-elf/lib/libc.a(reallocr.o)
 .debug_frame   0x00000fc4       0x28 C:/cygwin/GNUARM-4.1.0/arm-elf/lib/libc.a(s_isinf.o)
 .debug_frame   0x00000fec       0x28 C:/cygwin/GNUARM-4.1.0/arm-elf/lib/libc.a(s_isnan.o)
 .debug_frame   0x00001014       0x2c C:/cygwin/GNUARM-4.1.0/arm-elf/lib/libc.a(sbrkr.o)
 .debug_frame   0x00001040       0x70 C:/cygwin/GNUARM-4.1.0/arm-elf/lib/libc.a(stdio.o)
 .debug_frame   0x000010b0       0x20 C:/cygwin/GNUARM-4.1.0/arm-elf/lib/libc.a(strcmp.o)
 .debug_frame   0x000010d0       0x20 C:/cygwin/GNUARM-4.1.0/arm-elf/lib/libc.a(strlen.o)
 .debug_frame   0x000010f0      0x2e8 C:/cygwin/GNUARM-4.1.0/arm-elf/lib/libc.a(syscalls.o)
 .debug_frame   0x000013d8       0x2c C:/cygwin/GNUARM-4.1.0/arm-elf/lib/libc.a(writer.o)
 .debug_frame   0x00001404       0x28 C:/cygwin/GNUARM-4.1.0/arm-elf/lib/libc.a(callocr.o)
 .debug_frame   0x0000142c       0x2c C:/cygwin/GNUARM-4.1.0/arm-elf/lib/libc.a(closer.o)
 .debug_frame   0x00001458       0x20 C:/cygwin/GNUARM-4.1.0/arm-elf/lib/libc.a(errno.o)
 .debug_frame   0x00001478       0x3c C:/cygwin/GNUARM-4.1.0/arm-elf/lib/libc.a(fclose.o)
 .debug_frame   0x000014b4       0x2c C:/cygwin/GNUARM-4.1.0/arm-elf/lib/libc.a(fstatr.o)
 .debug_frame   0x000014e0       0x2c C:/cygwin/GNUARM-4.1.0/arm-elf/lib/libc.a(lseekr.o)
 .debug_frame   0x0000150c       0x2c C:/cygwin/GNUARM-4.1.0/arm-elf/lib/libc.a(readr.o)
 .debug_frame   0x00001538       0x68 C:/cygwin/GNUARM-4.1.0/arm-elf/lib/libc.a(reent.o)
 .debug_frame   0x000015a0       0x28 C:/cygwin/GNUARM-4.1.0/lib/gcc/arm-elf/4.1.0/libgcc.a(_udivsi3.o)
 .debug_frame   0x000015c8       0x28 C:/cygwin/GNUARM-4.1.0/lib/gcc/arm-elf/4.1.0/libgcc.a(_divsi3.o)

.debug_loc      0x00000000     0x8625
 .debug_loc     0x00000000       0x7e MMUc.o
 .debug_loc     0x0000007e       0xd2 Uart.o
 .debug_loc     0x00000150       0xfc Key.o
 .debug_loc     0x0000024c      0x39c Lcd_480x272.o
 .debug_loc     0x000005e8       0xa8 touch.o
 .debug_loc     0x00000690       0xa8 Lcd.o
 .debug_loc     0x00000738      0x1a4 buzzer.o
 .debug_loc     0x000008dc       0x54 Main.o
 .debug_loc     0x00000930       0xdb C:/cygwin/GNUARM-4.1.0/arm-elf/lib/libc.a(memcpy.o)
 .debug_loc     0x00000a0b       0x1f C:/cygwin/GNUARM-4.1.0/arm-elf/lib/libc.a(rand.o)
 .debug_loc     0x00000a2a      0x109 C:/cygwin/GNUARM-4.1.0/arm-elf/lib/libc.a(vsprintf.o)
 .debug_loc     0x00000b33     0x1b8d C:/cygwin/GNUARM-4.1.0/arm-elf/lib/libc.a(vfprintf.o)
 .debug_loc     0x000026c0      0x145 C:/cygwin/GNUARM-4.1.0/arm-elf/lib/libc.a(wcrtomb.o)
 .debug_loc     0x00002805      0x2b2 C:/cygwin/GNUARM-4.1.0/arm-elf/lib/libc.a(wcsrtombs.o)
 .debug_loc     0x00002ab7      0x248 C:/cygwin/GNUARM-4.1.0/arm-elf/lib/libc.a(wctomb_r.o)
 .debug_loc     0x00002cff       0x3d C:/cygwin/GNUARM-4.1.0/arm-elf/lib/libc.a(wsetup.o)
 .debug_loc     0x00002d3c     0x1665 C:/cygwin/GNUARM-4.1.0/arm-elf/lib/libc.a(dtoa.o)
 .debug_loc     0x000043a1       0xad C:/cygwin/GNUARM-4.1.0/arm-elf/lib/libc.a(fflush.o)
 .debug_loc     0x0000444e      0x20c C:/cygwin/GNUARM-4.1.0/arm-elf/lib/libc.a(findfp.o)
 .debug_loc     0x0000465a      0x38f C:/cygwin/GNUARM-4.1.0/arm-elf/lib/libc.a(freer.o)
 .debug_loc     0x000049e9      0x328 C:/cygwin/GNUARM-4.1.0/arm-elf/lib/libc.a(fvwrite.o)
 .debug_loc     0x00004d11      0x17b C:/cygwin/GNUARM-4.1.0/arm-elf/lib/libc.a(fwalk.o)
 .debug_loc     0x00004e8c       0xe9 C:/cygwin/GNUARM-4.1.0/arm-elf/lib/libc.a(locale.o)
 .debug_loc     0x00004f75       0xa7 C:/cygwin/GNUARM-4.1.0/arm-elf/lib/libc.a(makebuf.o)
 .debug_loc     0x0000501c      0x795 C:/cygwin/GNUARM-4.1.0/arm-elf/lib/libc.a(mallocr.o)
 .debug_loc     0x000057b1      0x193 C:/cygwin/GNUARM-4.1.0/arm-elf/lib/libc.a(memchr.o)
 .debug_loc     0x00005944      0x151 C:/cygwin/GNUARM-4.1.0/arm-elf/lib/libc.a(memmove.o)
 .debug_loc     0x00005a95       0xa9 C:/cygwin/GNUARM-4.1.0/arm-elf/lib/libc.a(memset.o)
 .debug_loc     0x00005b3e      0xffc C:/cygwin/GNUARM-4.1.0/arm-elf/lib/libc.a(mprec.o)
 .debug_loc     0x00006b3a      0x922 C:/cygwin/GNUARM-4.1.0/arm-elf/lib/libc.a(reallocr.o)
 .debug_loc     0x0000745c       0x6d C:/cygwin/GNUARM-4.1.0/arm-elf/lib/libc.a(s_isinf.o)
 .debug_loc     0x000074c9       0x4f C:/cygwin/GNUARM-4.1.0/arm-elf/lib/libc.a(s_isnan.o)
 .debug_loc     0x00007518       0x50 C:/cygwin/GNUARM-4.1.0/arm-elf/lib/libc.a(sbrkr.o)
 .debug_loc     0x00007568      0x1a4 C:/cygwin/GNUARM-4.1.0/arm-elf/lib/libc.a(stdio.o)
 .debug_loc     0x0000770c       0xaf C:/cygwin/GNUARM-4.1.0/arm-elf/lib/libc.a(strcmp.o)
 .debug_loc     0x000077bb       0x47 C:/cygwin/GNUARM-4.1.0/arm-elf/lib/libc.a(strlen.o)
 .debug_loc     0x00007802      0x894 C:/cygwin/GNUARM-4.1.0/arm-elf/lib/libc.a(syscalls.o)
 .debug_loc     0x00008096       0xaa C:/cygwin/GNUARM-4.1.0/arm-elf/lib/libc.a(writer.o)
 .debug_loc     0x00008140       0xd6 C:/cygwin/GNUARM-4.1.0/arm-elf/lib/libc.a(callocr.o)
 .debug_loc     0x00008216       0x63 C:/cygwin/GNUARM-4.1.0/arm-elf/lib/libc.a(closer.o)
 .debug_loc     0x00008279       0xa2 C:/cygwin/GNUARM-4.1.0/arm-elf/lib/libc.a(fclose.o)
 .debug_loc     0x0000831b       0x81 C:/cygwin/GNUARM-4.1.0/arm-elf/lib/libc.a(fstatr.o)
 .debug_loc     0x0000839c       0x97 C:/cygwin/GNUARM-4.1.0/arm-elf/lib/libc.a(lseekr.o)
 .debug_loc     0x00008433       0xaa C:/cygwin/GNUARM-4.1.0/arm-elf/lib/libc.a(readr.o)
 .debug_loc     0x000084dd      0x148 C:/cygwin/GNUARM-4.1.0/arm-elf/lib/libc.a(reent.o)

.debug_pubnames
                0x00000000      0xf51
 .debug_pubnames
                0x00000000       0x47 MMUc.o
 .debug_pubnames
                0x00000047       0x6a Uart.o
 .debug_pubnames
                0x000000b1       0x67 Key.o
 .debug_pubnames
                0x00000118      0x1de Lcd_480x272.o
 .debug_pubnames
                0x000002f6       0xd2 touch.o
 .debug_pubnames
                0x000003c8       0x5e Lcd.o
 .debug_pubnames
                0x00000426       0x9b buzzer.o
 .debug_pubnames
                0x000004c1       0x8d Main.o
 .debug_pubnames
                0x0000054e       0x1d C:/cygwin/GNUARM-4.1.0/arm-elf/lib/libc.a(memcpy.o)
 .debug_pubnames
                0x0000056b       0x25 C:/cygwin/GNUARM-4.1.0/arm-elf/lib/libc.a(rand.o)
 .debug_pubnames
                0x00000590       0x2f C:/cygwin/GNUARM-4.1.0/arm-elf/lib/libc.a(vsprintf.o)
 .debug_pubnames
                0x000005bf       0x39 C:/cygwin/GNUARM-4.1.0/arm-elf/lib/libc.a(impure.o)
 .debug_pubnames
                0x000005f8       0x2f C:/cygwin/GNUARM-4.1.0/arm-elf/lib/libc.a(vfprintf.o)
 .debug_pubnames
                0x00000627       0x2d C:/cygwin/GNUARM-4.1.0/arm-elf/lib/libc.a(wcrtomb.o)
 .debug_pubnames
                0x00000654       0x31 C:/cygwin/GNUARM-4.1.0/arm-elf/lib/libc.a(wcsrtombs.o)
 .debug_pubnames
                0x00000685       0x20 C:/cygwin/GNUARM-4.1.0/arm-elf/lib/libc.a(wctomb_r.o)
 .debug_pubnames
                0x000006a5       0x20 C:/cygwin/GNUARM-4.1.0/arm-elf/lib/libc.a(wsetup.o)
 .debug_pubnames
                0x000006c5       0x1e C:/cygwin/GNUARM-4.1.0/arm-elf/lib/libc.a(dtoa.o)
 .debug_pubnames
                0x000006e3       0x1d C:/cygwin/GNUARM-4.1.0/arm-elf/lib/libc.a(fflush.o)
 .debug_pubnames
                0x00000700       0xdb C:/cygwin/GNUARM-4.1.0/arm-elf/lib/libc.a(findfp.o)
 .debug_pubnames
                0x000007db       0x31 C:/cygwin/GNUARM-4.1.0/arm-elf/lib/libc.a(freer.o)
 .debug_pubnames
                0x0000080c       0x21 C:/cygwin/GNUARM-4.1.0/arm-elf/lib/libc.a(fvwrite.o)
 .debug_pubnames
                0x0000082d       0x2e C:/cygwin/GNUARM-4.1.0/arm-elf/lib/libc.a(fwalk.o)
 .debug_pubnames
                0x0000085b       0xc3 C:/cygwin/GNUARM-4.1.0/arm-elf/lib/libc.a(locale.o)
 .debug_pubnames
                0x0000091e       0x21 C:/cygwin/GNUARM-4.1.0/arm-elf/lib/libc.a(makebuf.o)
 .debug_pubnames
                0x0000093f       0xce C:/cygwin/GNUARM-4.1.0/arm-elf/lib/libc.a(mallocr.o)
 .debug_pubnames
                0x00000a0d       0x1d C:/cygwin/GNUARM-4.1.0/arm-elf/lib/libc.a(memchr.o)
 .debug_pubnames
                0x00000a2a       0x1e C:/cygwin/GNUARM-4.1.0/arm-elf/lib/libc.a(memmove.o)
 .debug_pubnames
                0x00000a48       0x1d C:/cygwin/GNUARM-4.1.0/arm-elf/lib/libc.a(memset.o)
 .debug_pubnames
                0x00000a65       0x38 C:/cygwin/GNUARM-4.1.0/arm-elf/lib/libc.a(mlock.o)
 .debug_pubnames
                0x00000a9d      0x112 C:/cygwin/GNUARM-4.1.0/arm-elf/lib/libc.a(mprec.o)
 .debug_pubnames
                0x00000baf       0x21 C:/cygwin/GNUARM-4.1.0/arm-elf/lib/libc.a(reallocr.o)
 .debug_pubnames
                0x00000bd0       0x1c C:/cygwin/GNUARM-4.1.0/arm-elf/lib/libc.a(s_isinf.o)
 .debug_pubnames
                0x00000bec       0x1c C:/cygwin/GNUARM-4.1.0/arm-elf/lib/libc.a(s_isnan.o)
 .debug_pubnames
                0x00000c08       0x1e C:/cygwin/GNUARM-4.1.0/arm-elf/lib/libc.a(sbrkr.o)
 .debug_pubnames
                0x00000c26       0x44 C:/cygwin/GNUARM-4.1.0/arm-elf/lib/libc.a(stdio.o)
 .debug_pubnames
                0x00000c6a       0x1d C:/cygwin/GNUARM-4.1.0/arm-elf/lib/libc.a(strcmp.o)
 .debug_pubnames
                0x00000c87       0x1d C:/cygwin/GNUARM-4.1.0/arm-elf/lib/libc.a(strlen.o)
 .debug_pubnames
                0x00000ca4      0x158 C:/cygwin/GNUARM-4.1.0/arm-elf/lib/libc.a(syscalls.o)
 .debug_pubnames
                0x00000dfc       0x1f C:/cygwin/GNUARM-4.1.0/arm-elf/lib/libc.a(writer.o)
 .debug_pubnames
                0x00000e1b       0x20 C:/cygwin/GNUARM-4.1.0/arm-elf/lib/libc.a(callocr.o)
 .debug_pubnames
                0x00000e3b       0x1f C:/cygwin/GNUARM-4.1.0/arm-elf/lib/libc.a(closer.o)
 .debug_pubnames
                0x00000e5a       0x1e C:/cygwin/GNUARM-4.1.0/arm-elf/lib/libc.a(errno.o)
 .debug_pubnames
                0x00000e78       0x2b C:/cygwin/GNUARM-4.1.0/arm-elf/lib/libc.a(fclose.o)
 .debug_pubnames
                0x00000ea3       0x1f C:/cygwin/GNUARM-4.1.0/arm-elf/lib/libc.a(fstatr.o)
 .debug_pubnames
                0x00000ec2       0x1f C:/cygwin/GNUARM-4.1.0/arm-elf/lib/libc.a(lseekr.o)
 .debug_pubnames
                0x00000ee1       0x1e C:/cygwin/GNUARM-4.1.0/arm-elf/lib/libc.a(readr.o)
 .debug_pubnames
                0x00000eff       0x52 C:/cygwin/GNUARM-4.1.0/arm-elf/lib/libc.a(reent.o)

.comment        0x00000000      0x360
 .comment       0x00000000       0x12 MMUc.o
 .comment       0x00000012       0x12 Uart.o
 .comment       0x00000024       0x12 Key.o
 .comment       0x00000036       0x12 Lcd_480x272.o
 .comment       0x00000048       0x12 touch.o
 .comment       0x0000005a       0x12 Lcd.o
 .comment       0x0000006c       0x12 buzzer.o
 .comment       0x0000007e       0x12 Main.o
 .comment       0x00000090       0x12 C:/cygwin/GNUARM-4.1.0/arm-elf/lib/libc.a(memcpy.o)
 .comment       0x000000a2       0x12 C:/cygwin/GNUARM-4.1.0/arm-elf/lib/libc.a(rand.o)
 .comment       0x000000b4       0x12 C:/cygwin/GNUARM-4.1.0/arm-elf/lib/libc.a(vsprintf.o)
 .comment       0x000000c6       0x12 C:/cygwin/GNUARM-4.1.0/arm-elf/lib/libc.a(impure.o)
 .comment       0x000000d8       0x12 C:/cygwin/GNUARM-4.1.0/arm-elf/lib/libc.a(vfprintf.o)
 .comment       0x000000ea       0x12 C:/cygwin/GNUARM-4.1.0/arm-elf/lib/libc.a(wcrtomb.o)
 .comment       0x000000fc       0x12 C:/cygwin/GNUARM-4.1.0/arm-elf/lib/libc.a(wcsrtombs.o)
 .comment       0x0000010e       0x12 C:/cygwin/GNUARM-4.1.0/arm-elf/lib/libc.a(wctomb_r.o)
 .comment       0x00000120       0x12 C:/cygwin/GNUARM-4.1.0/arm-elf/lib/libc.a(wsetup.o)
 .comment       0x00000132       0x12 C:/cygwin/GNUARM-4.1.0/arm-elf/lib/libc.a(dtoa.o)
 .comment       0x00000144       0x12 C:/cygwin/GNUARM-4.1.0/arm-elf/lib/libc.a(fflush.o)
 .comment       0x00000156       0x12 C:/cygwin/GNUARM-4.1.0/arm-elf/lib/libc.a(findfp.o)
 .comment       0x00000168       0x12 C:/cygwin/GNUARM-4.1.0/arm-elf/lib/libc.a(freer.o)
 .comment       0x0000017a       0x12 C:/cygwin/GNUARM-4.1.0/arm-elf/lib/libc.a(fvwrite.o)
 .comment       0x0000018c       0x12 C:/cygwin/GNUARM-4.1.0/arm-elf/lib/libc.a(fwalk.o)
 .comment       0x0000019e       0x12 C:/cygwin/GNUARM-4.1.0/arm-elf/lib/libc.a(locale.o)
 .comment       0x000001b0       0x12 C:/cygwin/GNUARM-4.1.0/arm-elf/lib/libc.a(makebuf.o)
 .comment       0x000001c2       0x12 C:/cygwin/GNUARM-4.1.0/arm-elf/lib/libc.a(mallocr.o)
 .comment       0x000001d4       0x12 C:/cygwin/GNUARM-4.1.0/arm-elf/lib/libc.a(memchr.o)
 .comment       0x000001e6       0x12 C:/cygwin/GNUARM-4.1.0/arm-elf/lib/libc.a(memmove.o)
 .comment       0x000001f8       0x12 C:/cygwin/GNUARM-4.1.0/arm-elf/lib/libc.a(memset.o)
 .comment       0x0000020a       0x12 C:/cygwin/GNUARM-4.1.0/arm-elf/lib/libc.a(mlock.o)
 .comment       0x0000021c       0x12 C:/cygwin/GNUARM-4.1.0/arm-elf/lib/libc.a(mprec.o)
 .comment       0x0000022e       0x12 C:/cygwin/GNUARM-4.1.0/arm-elf/lib/libc.a(reallocr.o)
 .comment       0x00000240       0x12 C:/cygwin/GNUARM-4.1.0/arm-elf/lib/libc.a(s_isinf.o)
 .comment       0x00000252       0x12 C:/cygwin/GNUARM-4.1.0/arm-elf/lib/libc.a(s_isnan.o)
 .comment       0x00000264       0x12 C:/cygwin/GNUARM-4.1.0/arm-elf/lib/libc.a(sbrkr.o)
 .comment       0x00000276       0x12 C:/cygwin/GNUARM-4.1.0/arm-elf/lib/libc.a(stdio.o)
 .comment       0x00000288       0x12 C:/cygwin/GNUARM-4.1.0/arm-elf/lib/libc.a(strcmp.o)
 .comment       0x0000029a       0x12 C:/cygwin/GNUARM-4.1.0/arm-elf/lib/libc.a(strlen.o)
 .comment       0x000002ac       0x12 C:/cygwin/GNUARM-4.1.0/arm-elf/lib/libc.a(syscalls.o)
 .comment       0x000002be       0x12 C:/cygwin/GNUARM-4.1.0/arm-elf/lib/libc.a(writer.o)
 .comment       0x000002d0       0x12 C:/cygwin/GNUARM-4.1.0/arm-elf/lib/libc.a(callocr.o)
 .comment       0x000002e2       0x12 C:/cygwin/GNUARM-4.1.0/arm-elf/lib/libc.a(closer.o)
 .comment       0x000002f4       0x12 C:/cygwin/GNUARM-4.1.0/arm-elf/lib/libc.a(errno.o)
 .comment       0x00000306       0x12 C:/cygwin/GNUARM-4.1.0/arm-elf/lib/libc.a(fclose.o)
 .comment       0x00000318       0x12 C:/cygwin/GNUARM-4.1.0/arm-elf/lib/libc.a(fstatr.o)
 .comment       0x0000032a       0x12 C:/cygwin/GNUARM-4.1.0/arm-elf/lib/libc.a(lseekr.o)
 .comment       0x0000033c       0x12 C:/cygwin/GNUARM-4.1.0/arm-elf/lib/libc.a(readr.o)
 .comment       0x0000034e       0x12 C:/cygwin/GNUARM-4.1.0/arm-elf/lib/libc.a(reent.o)

.debug_str      0x00000000     0x1a8e
 .debug_str     0x00000000       0x20 Lcd_480x272.o
 .debug_str     0x00000020        0x9 buzzer.o
 .debug_str     0x00000029       0x12 Main.o
 .debug_str     0x0000003b       0xa2 C:/cygwin/GNUARM-4.1.0/arm-elf/lib/libc.a(memcpy.o)
                                 0xc9 (size before relaxing)
 .debug_str     0x000000dd      0x3f9 C:/cygwin/GNUARM-4.1.0/arm-elf/lib/libc.a(rand.o)
                                0x4a0 (size before relaxing)
 .debug_str     0x000004d6       0x8c C:/cygwin/GNUARM-4.1.0/arm-elf/lib/libc.a(vsprintf.o)
                                0x4cf (size before relaxing)
 .debug_str     0x00000562       0x85 C:/cygwin/GNUARM-4.1.0/arm-elf/lib/libc.a(impure.o)
                                0x4af (size before relaxing)
 .debug_str     0x000005e7      0x1bf C:/cygwin/GNUARM-4.1.0/arm-elf/lib/libc.a(vfprintf.o)
                                0x69d (size before relaxing)
 .debug_str     0x000007a6       0x54 C:/cygwin/GNUARM-4.1.0/arm-elf/lib/libc.a(wcrtomb.o)
                                0x4d2 (size before relaxing)
 .debug_str     0x000007fa       0x63 C:/cygwin/GNUARM-4.1.0/arm-elf/lib/libc.a(wcsrtombs.o)
                                0x4e7 (size before relaxing)
 .debug_str     0x0000085d       0x62 C:/cygwin/GNUARM-4.1.0/arm-elf/lib/libc.a(wctomb_r.o)
                                0x4c7 (size before relaxing)
 .debug_str     0x000008bf       0x42 C:/cygwin/GNUARM-4.1.0/arm-elf/lib/libc.a(wsetup.o)
                                0x4ab (size before relaxing)
 .debug_str     0x00000901      0x100 C:/cygwin/GNUARM-4.1.0/arm-elf/lib/libc.a(dtoa.o)
                                0x5a2 (size before relaxing)
 .debug_str     0x00000a01       0x3f C:/cygwin/GNUARM-4.1.0/arm-elf/lib/libc.a(fflush.o)
                                0x4bb (size before relaxing)
 .debug_str     0x00000a40      0x100 C:/cygwin/GNUARM-4.1.0/arm-elf/lib/libc.a(findfp.o)
                                0x595 (size before relaxing)
 .debug_str     0x00000b40      0x159 C:/cygwin/GNUARM-4.1.0/arm-elf/lib/libc.a(freer.o)
                                0x5e4 (size before relaxing)
 .debug_str     0x00000c99       0x5a C:/cygwin/GNUARM-4.1.0/arm-elf/lib/libc.a(fvwrite.o)
                                0x506 (size before relaxing)
 .debug_str     0x00000cf3       0x5c C:/cygwin/GNUARM-4.1.0/arm-elf/lib/libc.a(fwalk.o)
                                0x4d6 (size before relaxing)
 .debug_str     0x00000d4f      0x1bb C:/cygwin/GNUARM-4.1.0/arm-elf/lib/libc.a(locale.o)
                                0x63e (size before relaxing)
 .debug_str     0x00000f0a      0x112 C:/cygwin/GNUARM-4.1.0/arm-elf/lib/libc.a(makebuf.o)
                                0x592 (size before relaxing)
 .debug_str     0x0000101c       0xe9 C:/cygwin/GNUARM-4.1.0/arm-elf/lib/libc.a(mallocr.o)
                                0x692 (size before relaxing)
 .debug_str     0x00001105       0x5a C:/cygwin/GNUARM-4.1.0/arm-elf/lib/libc.a(memchr.o)
                                0x120 (size before relaxing)
 .debug_str     0x0000115f       0x4b C:/cygwin/GNUARM-4.1.0/arm-elf/lib/libc.a(memmove.o)
                                0x132 (size before relaxing)
 .debug_str     0x000011aa       0x4d C:/cygwin/GNUARM-4.1.0/arm-elf/lib/libc.a(memset.o)
                                0x113 (size before relaxing)
 .debug_str     0x000011f7       0x6b C:/cygwin/GNUARM-4.1.0/arm-elf/lib/libc.a(mlock.o)
                                0x4b8 (size before relaxing)
 .debug_str     0x00001262       0xd1 C:/cygwin/GNUARM-4.1.0/arm-elf/lib/libc.a(mprec.o)
                                0x58a (size before relaxing)
 .debug_str     0x00001333       0x61 C:/cygwin/GNUARM-4.1.0/arm-elf/lib/libc.a(reallocr.o)
                                0x564 (size before relaxing)
 .debug_str     0x00001394       0x97 C:/cygwin/GNUARM-4.1.0/arm-elf/lib/libc.a(s_isinf.o)
                                0x156 (size before relaxing)
 .debug_str     0x0000142b       0x3e C:/cygwin/GNUARM-4.1.0/arm-elf/lib/libc.a(s_isnan.o)
                                0x156 (size before relaxing)
 .debug_str     0x00001469       0x4e C:/cygwin/GNUARM-4.1.0/arm-elf/lib/libc.a(sbrkr.o)
                                0x4ac (size before relaxing)
 .debug_str     0x000014b7       0x67 C:/cygwin/GNUARM-4.1.0/arm-elf/lib/libc.a(stdio.o)
                                0x4de (size before relaxing)
 .debug_str     0x0000151e       0x40 C:/cygwin/GNUARM-4.1.0/arm-elf/lib/libc.a(strcmp.o)
                                 0xf8 (size before relaxing)
 .debug_str     0x0000155e       0x46 C:/cygwin/GNUARM-4.1.0/arm-elf/lib/libc.a(strlen.o)
                                0x112 (size before relaxing)
 .debug_str     0x000015a4      0x258 C:/cygwin/GNUARM-4.1.0/arm-elf/lib/libc.a(syscalls.o)
                                0x79f (size before relaxing)
 .debug_str     0x000017fc       0x4a C:/cygwin/GNUARM-4.1.0/arm-elf/lib/libc.a(writer.o)
                                0x4af (size before relaxing)
 .debug_str     0x00001846       0x19 C:/cygwin/GNUARM-4.1.0/arm-elf/lib/libc.a(callocr.o)
                                0x4e3 (size before relaxing)
 .debug_str     0x0000185f       0x41 C:/cygwin/GNUARM-4.1.0/arm-elf/lib/libc.a(closer.o)
                                0x49f (size before relaxing)
 .debug_str     0x000018a0       0x6d C:/cygwin/GNUARM-4.1.0/arm-elf/lib/libc.a(errno.o)
                                0x497 (size before relaxing)
 .debug_str     0x0000190d       0x49 C:/cygwin/GNUARM-4.1.0/arm-elf/lib/libc.a(fclose.o)
                                0x4b7 (size before relaxing)
 .debug_str     0x00001956       0x47 C:/cygwin/GNUARM-4.1.0/arm-elf/lib/libc.a(fstatr.o)
                                0x573 (size before relaxing)
 .debug_str     0x0000199d       0x41 C:/cygwin/GNUARM-4.1.0/arm-elf/lib/libc.a(lseekr.o)
                                0x4ad (size before relaxing)
 .debug_str     0x000019de       0x3f C:/cygwin/GNUARM-4.1.0/arm-elf/lib/libc.a(readr.o)
                                0x4ad (size before relaxing)
 .debug_str     0x00001a1d       0x71 C:/cygwin/GNUARM-4.1.0/arm-elf/lib/libc.a(reent.o)
                                0x4d4 (size before relaxing)

.debug_ranges   0x00000000      0x4d0
 .debug_ranges  0x00000000      0x150 C:/cygwin/GNUARM-4.1.0/arm-elf/lib/libc.a(vfprintf.o)
 .debug_ranges  0x00000150       0x28 C:/cygwin/GNUARM-4.1.0/arm-elf/lib/libc.a(wcsrtombs.o)
 .debug_ranges  0x00000178       0x48 C:/cygwin/GNUARM-4.1.0/arm-elf/lib/libc.a(wctomb_r.o)
 .debug_ranges  0x000001c0       0x18 C:/cygwin/GNUARM-4.1.0/arm-elf/lib/libc.a(fvwrite.o)
 .debug_ranges  0x000001d8       0x40 C:/cygwin/GNUARM-4.1.0/arm-elf/lib/libc.a(fwalk.o)
 .debug_ranges  0x00000218       0x50 C:/cygwin/GNUARM-4.1.0/arm-elf/lib/libc.a(mallocr.o)
 .debug_ranges  0x00000268      0x118 C:/cygwin/GNUARM-4.1.0/arm-elf/lib/libc.a(reallocr.o)
 .debug_ranges  0x00000380      0x118 C:/cygwin/GNUARM-4.1.0/arm-elf/lib/libc.a(syscalls.o)
 .debug_ranges  0x00000498       0x38 C:/cygwin/GNUARM-4.1.0/arm-elf/lib/libc.a(callocr.o)
